21:09:41 **** Incremental Build of configuration Debug for project ex10 ****
make -j12 all 
arm-none-eabi-gcc "../Core/Src/main.c" -mcpu=cortex-m3 -std=gnu11 -g3 -DDEBUG -DUSE_HAL_DRIVER -DSTM32F103x6 -c -I../Core/Inc -I../Drivers/STM32F1xx_HAL_Driver/Inc -I../Drivers/STM32F1xx_HAL_Driver/Inc/Legacy -I../Drivers/CMSIS/Device/ST/STM32F1xx/Include -I../Drivers/CMSIS/Include -O0 -ffunction-sections -fdata-sections -Wall -fstack-usage -MMD -MP -MF"Core/Src/main.d" -MT"Core/Src/main.o" --specs=nano.specs -mfloat-abi=soft -mthumb -o "Core/Src/main.o"
arm-none-eabi-gcc -o "ex10.elf" @"objects.list"   -mcpu=cortex-m3 -T"C:\Users\ACER\STM32CubeIDE\workspace_1.7.0\Lab1\ex10\ex10\STM32F103C6UX_FLASH.ld" --specs=nosys.specs -Wl,-Map="ex10.map" -Wl,--gc-sections -static --specs=nano.specs -mfloat-abi=soft -mthumb -Wl,--start-group -lc -lm -Wl,--end-group
Finished building target: ex10.elf
 
arm-none-eabi-size   ex10.elf 
arm-none-eabi-objdump -h -S  ex10.elf  > "ex10.list"
arm-none-eabi-objcopy  -O ihex  ex10.elf  "ex10.hex"
arm-none-eabi-objcopy  -O binary  ex10.elf  "ex10.bin"
   text	   data	    bss	    dec	    hex	filename
   4804	     20	   1572	   6396	   18fc	ex10.elf
Finished building: default.size.stdout
 
Finished building: ex10.hex
Finished building: ex10.bin
Finished building: ex10.list
 
 
 

21:09:42 Build Finished. 0 errors, 0 warnings. (took 546ms)

