20:44:02 **** Incremental Build of configuration Debug for project ex8 ****
make -j12 all 
arm-none-eabi-gcc "../Core/Src/main.c" -mcpu=cortex-m3 -std=gnu11 -g3 -DDEBUG -DUSE_HAL_DRIVER -DSTM32F103x6 -c -I../Core/Inc -I../Drivers/STM32F1xx_HAL_Driver/Inc -I../Drivers/STM32F1xx_HAL_Driver/Inc/Legacy -I../Drivers/CMSIS/Device/ST/STM32F1xx/Include -I../Drivers/CMSIS/Include -O0 -ffunction-sections -fdata-sections -Wall -fstack-usage -MMD -MP -MF"Core/Src/main.d" -MT"Core/Src/main.o" --specs=nano.specs -mfloat-abi=soft -mthumb -o "Core/Src/main.o"
arm-none-eabi-gcc -o "ex8.elf" @"objects.list"   -mcpu=cortex-m3 -T"C:\Users\ACER\STM32CubeIDE\workspace_1.7.0\Lab1\ex8\ex8\STM32F103C6UX_FLASH.ld" --specs=nosys.specs -Wl,-Map="ex8.map" -Wl,--gc-sections -static --specs=nano.specs -mfloat-abi=soft -mthumb -Wl,--start-group -lc -lm -Wl,--end-group
Finished building target: ex8.elf
 
arm-none-eabi-size   ex8.elf 
arm-none-eabi-objdump -h -S  ex8.elf  > "ex8.list"
arm-none-eabi-objcopy  -O ihex  ex8.elf  "ex8.hex"
arm-none-eabi-objcopy  -O binary  ex8.elf  "ex8.bin"
   text	   data	    bss	    dec	    hex	filename
   4712	     20	   1572	   6304	   18a0	ex8.elf
Finished building: default.size.stdout
 
Finished building: ex8.hex
Finished building: ex8.bin
Finished building: ex8.list
 
 
 

20:44:03 Build Finished. 0 errors, 0 warnings. (took 749ms)

