22:36:13 **** Build of configuration Debug for project ex5 ****
make -j12 all 
arm-none-eabi-gcc "../Drivers/STM32F1xx_HAL_Driver/Src/stm32f1xx_hal.c" -mcpu=cortex-m3 -std=gnu11 -g3 -DDEBUG -DUSE_HAL_DRIVER -DSTM32F103x6 -c -I../Core/Inc -I../Drivers/STM32F1xx_HAL_Driver/Inc -I../Drivers/STM32F1xx_HAL_Driver/Inc/Legacy -I../Drivers/CMSIS/Device/ST/STM32F1xx/Include -I../Drivers/CMSIS/Include -O0 -ffunction-sections -fdata-sections -Wall -fstack-usage -MMD -MP -MF"Drivers/STM32F1xx_HAL_Driver/Src/stm32f1xx_hal.d" -MT"Drivers/STM32F1xx_HAL_Driver/Src/stm32f1xx_hal.o" --specs=nano.specs -mfloat-abi=soft -mthumb -o "Drivers/STM32F1xx_HAL_Driver/Src/stm32f1xx_hal.o"
arm-none-eabi-gcc "../Drivers/STM32F1xx_HAL_Driver/Src/stm32f1xx_hal_cortex.c" -mcpu=cortex-m3 -std=gnu11 -g3 -DDEBUG -DUSE_HAL_DRIVER -DSTM32F103x6 -c -I../Core/Inc -I../Drivers/STM32F1xx_HAL_Driver/Inc -I../Drivers/STM32F1xx_HAL_Driver/Inc/Legacy -I../Drivers/CMSIS/Device/ST/STM32F1xx/Include -I../Drivers/CMSIS/Include -O0 -ffunction-sections -fdata-sections -Wall -fstack-usage -MMD -MP -MF"Drivers/STM32F1xx_HAL_Driver/Src/stm32f1xx_hal_cortex.d" -MT"Drivers/STM32F1xx_HAL_Driver/Src/stm32f1xx_hal_cortex.o" --specs=nano.specs -mfloat-abi=soft -mthumb -o "Drivers/STM32F1xx_HAL_Driver/Src/stm32f1xx_hal_cortex.o"
arm-none-eabi-gcc "../Drivers/STM32F1xx_HAL_Driver/Src/stm32f1xx_hal_dma.c" -mcpu=cortex-m3 -std=gnu11 -g3 -DDEBUG -DUSE_HAL_DRIVER -DSTM32F103x6 -c -I../Core/Inc -I../Drivers/STM32F1xx_HAL_Driver/Inc -I../Drivers/STM32F1xx_HAL_Driver/Inc/Legacy -I../Drivers/CMSIS/Device/ST/STM32F1xx/Include -I../Drivers/CMSIS/Include -O0 -ffunction-sections -fdata-sections -Wall -fstack-usage -MMD -MP -MF"Drivers/STM32F1xx_HAL_Driver/Src/stm32f1xx_hal_dma.d" -MT"Drivers/STM32F1xx_HAL_Driver/Src/stm32f1xx_hal_dma.o" --specs=nano.specs -mfloat-abi=soft -mthumb -o "Drivers/STM32F1xx_HAL_Driver/Src/stm32f1xx_hal_dma.o"
arm-none-eabi-gcc "../Drivers/STM32F1xx_HAL_Driver/Src/stm32f1xx_hal_exti.c" -mcpu=cortex-m3 -std=gnu11 -g3 -DDEBUG -DUSE_HAL_DRIVER -DSTM32F103x6 -c -I../Core/Inc -I../Drivers/STM32F1xx_HAL_Driver/Inc -I../Drivers/STM32F1xx_HAL_Driver/Inc/Legacy -I../Drivers/CMSIS/Device/ST/STM32F1xx/Include -I../Drivers/CMSIS/Include -O0 -ffunction-sections -fdata-sections -Wall -fstack-usage -MMD -MP -MF"Drivers/STM32F1xx_HAL_Driver/Src/stm32f1xx_hal_exti.d" -MT"Drivers/STM32F1xx_HAL_Driver/Src/stm32f1xx_hal_exti.o" --specs=nano.specs -mfloat-abi=soft -mthumb -o "Drivers/STM32F1xx_HAL_Driver/Src/stm32f1xx_hal_exti.o"
arm-none-eabi-gcc "../Drivers/STM32F1xx_HAL_Driver/Src/stm32f1xx_hal_flash.c" -mcpu=cortex-m3 -std=gnu11 -g3 -DDEBUG -DUSE_HAL_DRIVER -DSTM32F103x6 -c -I../Core/Inc -I../Drivers/STM32F1xx_HAL_Driver/Inc -I../Drivers/STM32F1xx_HAL_Driver/Inc/Legacy -I../Drivers/CMSIS/Device/ST/STM32F1xx/Include -I../Drivers/CMSIS/Include -O0 -ffunction-sections -fdata-sections -Wall -fstack-usage -MMD -MP -MF"Drivers/STM32F1xx_HAL_Driver/Src/stm32f1xx_hal_flash.d" -MT"Drivers/STM32F1xx_HAL_Driver/Src/stm32f1xx_hal_flash.o" --specs=nano.specs -mfloat-abi=soft -mthumb -o "Drivers/STM32F1xx_HAL_Driver/Src/stm32f1xx_hal_flash.o"
arm-none-eabi-gcc "../Drivers/STM32F1xx_HAL_Driver/Src/stm32f1xx_hal_flash_ex.c" -mcpu=cortex-m3 -std=gnu11 -g3 -DDEBUG -DUSE_HAL_DRIVER -DSTM32F103x6 -c -I../Core/Inc -I../Drivers/STM32F1xx_HAL_Driver/Inc -I../Drivers/STM32F1xx_HAL_Driver/Inc/Legacy -I../Drivers/CMSIS/Device/ST/STM32F1xx/Include -I../Drivers/CMSIS/Include -O0 -ffunction-sections -fdata-sections -Wall -fstack-usage -MMD -MP -MF"Drivers/STM32F1xx_HAL_Driver/Src/stm32f1xx_hal_flash_ex.d" -MT"Drivers/STM32F1xx_HAL_Driver/Src/stm32f1xx_hal_flash_ex.o" --specs=nano.specs -mfloat-abi=soft -mthumb -o "Drivers/STM32F1xx_HAL_Driver/Src/stm32f1xx_hal_flash_ex.o"
arm-none-eabi-gcc "../Drivers/STM32F1xx_HAL_Driver/Src/stm32f1xx_hal_gpio.c" -mcpu=cortex-m3 -std=gnu11 -g3 -DDEBUG -DUSE_HAL_DRIVER -DSTM32F103x6 -c -I../Core/Inc -I../Drivers/STM32F1xx_HAL_Driver/Inc -I../Drivers/STM32F1xx_HAL_Driver/Inc/Legacy -I../Drivers/CMSIS/Device/ST/STM32F1xx/Include -I../Drivers/CMSIS/Include -O0 -ffunction-sections -fdata-sections -Wall -fstack-usage -MMD -MP -MF"Drivers/STM32F1xx_HAL_Driver/Src/stm32f1xx_hal_gpio.d" -MT"Drivers/STM32F1xx_HAL_Driver/Src/stm32f1xx_hal_gpio.o" --specs=nano.specs -mfloat-abi=soft -mthumb -o "Drivers/STM32F1xx_HAL_Driver/Src/stm32f1xx_hal_gpio.o"
arm-none-eabi-gcc "../Drivers/STM32F1xx_HAL_Driver/Src/stm32f1xx_hal_gpio_ex.c" -mcpu=cortex-m3 -std=gnu11 -g3 -DDEBUG -DUSE_HAL_DRIVER -DSTM32F103x6 -c -I../Core/Inc -I../Drivers/STM32F1xx_HAL_Driver/Inc -I../Drivers/STM32F1xx_HAL_Driver/Inc/Legacy -I../Drivers/CMSIS/Device/ST/STM32F1xx/Include -I../Drivers/CMSIS/Include -O0 -ffunction-sections -fdata-sections -Wall -fstack-usage -MMD -MP -MF"Drivers/STM32F1xx_HAL_Driver/Src/stm32f1xx_hal_gpio_ex.d" -MT"Drivers/STM32F1xx_HAL_Driver/Src/stm32f1xx_hal_gpio_ex.o" --specs=nano.specs -mfloat-abi=soft -mthumb -o "Drivers/STM32F1xx_HAL_Driver/Src/stm32f1xx_hal_gpio_ex.o"
arm-none-eabi-gcc "../Drivers/STM32F1xx_HAL_Driver/Src/stm32f1xx_hal_pwr.c" -mcpu=cortex-m3 -std=gnu11 -g3 -DDEBUG -DUSE_HAL_DRIVER -DSTM32F103x6 -c -I../Core/Inc -I../Drivers/STM32F1xx_HAL_Driver/Inc -I../Drivers/STM32F1xx_HAL_Driver/Inc/Legacy -I../Drivers/CMSIS/Device/ST/STM32F1xx/Include -I../Drivers/CMSIS/Include -O0 -ffunction-sections -fdata-sections -Wall -fstack-usage -MMD -MP -MF"Drivers/STM32F1xx_HAL_Driver/Src/stm32f1xx_hal_pwr.d" -MT"Drivers/STM32F1xx_HAL_Driver/Src/stm32f1xx_hal_pwr.o" --specs=nano.specs -mfloat-abi=soft -mthumb -o "Drivers/STM32F1xx_HAL_Driver/Src/stm32f1xx_hal_pwr.o"
arm-none-eabi-gcc "../Drivers/STM32F1xx_HAL_Driver/Src/stm32f1xx_hal_rcc.c" -mcpu=cortex-m3 -std=gnu11 -g3 -DDEBUG -DUSE_HAL_DRIVER -DSTM32F103x6 -c -I../Core/Inc -I../Drivers/STM32F1xx_HAL_Driver/Inc -I../Drivers/STM32F1xx_HAL_Driver/Inc/Legacy -I../Drivers/CMSIS/Device/ST/STM32F1xx/Include -I../Drivers/CMSIS/Include -O0 -ffunction-sections -fdata-sections -Wall -fstack-usage -MMD -MP -MF"Drivers/STM32F1xx_HAL_Driver/Src/stm32f1xx_hal_rcc.d" -MT"Drivers/STM32F1xx_HAL_Driver/Src/stm32f1xx_hal_rcc.o" --specs=nano.specs -mfloat-abi=soft -mthumb -o "Drivers/STM32F1xx_HAL_Driver/Src/stm32f1xx_hal_rcc.o"
arm-none-eabi-gcc "../Drivers/STM32F1xx_HAL_Driver/Src/stm32f1xx_hal_rcc_ex.c" -mcpu=cortex-m3 -std=gnu11 -g3 -DDEBUG -DUSE_HAL_DRIVER -DSTM32F103x6 -c -I../Core/Inc -I../Drivers/STM32F1xx_HAL_Driver/Inc -I../Drivers/STM32F1xx_HAL_Driver/Inc/Legacy -I../Drivers/CMSIS/Device/ST/STM32F1xx/Include -I../Drivers/CMSIS/Include -O0 -ffunction-sections -fdata-sections -Wall -fstack-usage -MMD -MP -MF"Drivers/STM32F1xx_HAL_Driver/Src/stm32f1xx_hal_rcc_ex.d" -MT"Drivers/STM32F1xx_HAL_Driver/Src/stm32f1xx_hal_rcc_ex.o" --specs=nano.specs -mfloat-abi=soft -mthumb -o "Drivers/STM32F1xx_HAL_Driver/Src/stm32f1xx_hal_rcc_ex.o"
arm-none-eabi-gcc "../Drivers/STM32F1xx_HAL_Driver/Src/stm32f1xx_hal_tim.c" -mcpu=cortex-m3 -std=gnu11 -g3 -DDEBUG -DUSE_HAL_DRIVER -DSTM32F103x6 -c -I../Core/Inc -I../Drivers/STM32F1xx_HAL_Driver/Inc -I../Drivers/STM32F1xx_HAL_Driver/Inc/Legacy -I../Drivers/CMSIS/Device/ST/STM32F1xx/Include -I../Drivers/CMSIS/Include -O0 -ffunction-sections -fdata-sections -Wall -fstack-usage -MMD -MP -MF"Drivers/STM32F1xx_HAL_Driver/Src/stm32f1xx_hal_tim.d" -MT"Drivers/STM32F1xx_HAL_Driver/Src/stm32f1xx_hal_tim.o" --specs=nano.specs -mfloat-abi=soft -mthumb -o "Drivers/STM32F1xx_HAL_Driver/Src/stm32f1xx_hal_tim.o"
arm-none-eabi-gcc "../Drivers/STM32F1xx_HAL_Driver/Src/stm32f1xx_hal_tim_ex.c" -mcpu=cortex-m3 -std=gnu11 -g3 -DDEBUG -DUSE_HAL_DRIVER -DSTM32F103x6 -c -I../Core/Inc -I../Drivers/STM32F1xx_HAL_Driver/Inc -I../Drivers/STM32F1xx_HAL_Driver/Inc/Legacy -I../Drivers/CMSIS/Device/ST/STM32F1xx/Include -I../Drivers/CMSIS/Include -O0 -ffunction-sections -fdata-sections -Wall -fstack-usage -MMD -MP -MF"Drivers/STM32F1xx_HAL_Driver/Src/stm32f1xx_hal_tim_ex.d" -MT"Drivers/STM32F1xx_HAL_Driver/Src/stm32f1xx_hal_tim_ex.o" --specs=nano.specs -mfloat-abi=soft -mthumb -o "Drivers/STM32F1xx_HAL_Driver/Src/stm32f1xx_hal_tim_ex.o"
arm-none-eabi-gcc -mcpu=cortex-m3 -g3 -DDEBUG -c -x assembler-with-cpp -MMD -MP -MF"Core/Startup/startup_stm32f103c6ux.d" -MT"Core/Startup/startup_stm32f103c6ux.o" --specs=nano.specs -mfloat-abi=soft -mthumb -o "Core/Startup/startup_stm32f103c6ux.o" "../Core/Startup/startup_stm32f103c6ux.s"
arm-none-eabi-gcc "../Core/Src/main.c" -mcpu=cortex-m3 -std=gnu11 -g3 -DDEBUG -DUSE_HAL_DRIVER -DSTM32F103x6 -c -I../Core/Inc -I../Drivers/STM32F1xx_HAL_Driver/Inc -I../Drivers/STM32F1xx_HAL_Driver/Inc/Legacy -I../Drivers/CMSIS/Device/ST/STM32F1xx/Include -I../Drivers/CMSIS/Include -O0 -ffunction-sections -fdata-sections -Wall -fstack-usage -MMD -MP -MF"Core/Src/main.d" -MT"Core/Src/main.o" --specs=nano.specs -mfloat-abi=soft -mthumb -o "Core/Src/main.o"
arm-none-eabi-gcc "../Core/Src/stm32f1xx_hal_msp.c" -mcpu=cortex-m3 -std=gnu11 -g3 -DDEBUG -DUSE_HAL_DRIVER -DSTM32F103x6 -c -I../Core/Inc -I../Drivers/STM32F1xx_HAL_Driver/Inc -I../Drivers/STM32F1xx_HAL_Driver/Inc/Legacy -I../Drivers/CMSIS/Device/ST/STM32F1xx/Include -I../Drivers/CMSIS/Include -O0 -ffunction-sections -fdata-sections -Wall -fstack-usage -MMD -MP -MF"Core/Src/stm32f1xx_hal_msp.d" -MT"Core/Src/stm32f1xx_hal_msp.o" --specs=nano.specs -mfloat-abi=soft -mthumb -o "Core/Src/stm32f1xx_hal_msp.o"
arm-none-eabi-gcc "../Core/Src/stm32f1xx_it.c" -mcpu=cortex-m3 -std=gnu11 -g3 -DDEBUG -DUSE_HAL_DRIVER -DSTM32F103x6 -c -I../Core/Inc -I../Drivers/STM32F1xx_HAL_Driver/Inc -I../Drivers/STM32F1xx_HAL_Driver/Inc/Legacy -I../Drivers/CMSIS/Device/ST/STM32F1xx/Include -I../Drivers/CMSIS/Include -O0 -ffunction-sections -fdata-sections -Wall -fstack-usage -MMD -MP -MF"Core/Src/stm32f1xx_it.d" -MT"Core/Src/stm32f1xx_it.o" --specs=nano.specs -mfloat-abi=soft -mthumb -o "Core/Src/stm32f1xx_it.o"
arm-none-eabi-gcc "../Core/Src/syscalls.c" -mcpu=cortex-m3 -std=gnu11 -g3 -DDEBUG -DUSE_HAL_DRIVER -DSTM32F103x6 -c -I../Core/Inc -I../Drivers/STM32F1xx_HAL_Driver/Inc -I../Drivers/STM32F1xx_HAL_Driver/Inc/Legacy -I../Drivers/CMSIS/Device/ST/STM32F1xx/Include -I../Drivers/CMSIS/Include -O0 -ffunction-sections -fdata-sections -Wall -fstack-usage -MMD -MP -MF"Core/Src/syscalls.d" -MT"Core/Src/syscalls.o" --specs=nano.specs -mfloat-abi=soft -mthumb -o "Core/Src/syscalls.o"
arm-none-eabi-gcc "../Core/Src/sysmem.c" -mcpu=cortex-m3 -std=gnu11 -g3 -DDEBUG -DUSE_HAL_DRIVER -DSTM32F103x6 -c -I../Core/Inc -I../Drivers/STM32F1xx_HAL_Driver/Inc -I../Drivers/STM32F1xx_HAL_Driver/Inc/Legacy -I../Drivers/CMSIS/Device/ST/STM32F1xx/Include -I../Drivers/CMSIS/Include -O0 -ffunction-sections -fdata-sections -Wall -fstack-usage -MMD -MP -MF"Core/Src/sysmem.d" -MT"Core/Src/sysmem.o" --specs=nano.specs -mfloat-abi=soft -mthumb -o "Core/Src/sysmem.o"
arm-none-eabi-gcc "../Core/Src/system_stm32f1xx.c" -mcpu=cortex-m3 -std=gnu11 -g3 -DDEBUG -DUSE_HAL_DRIVER -DSTM32F103x6 -c -I../Core/Inc -I../Drivers/STM32F1xx_HAL_Driver/Inc -I../Drivers/STM32F1xx_HAL_Driver/Inc/Legacy -I../Drivers/CMSIS/Device/ST/STM32F1xx/Include -I../Drivers/CMSIS/Include -O0 -ffunction-sections -fdata-sections -Wall -fstack-usage -MMD -MP -MF"Core/Src/system_stm32f1xx.d" -MT"Core/Src/system_stm32f1xx.o" --specs=nano.specs -mfloat-abi=soft -mthumb -o "Core/Src/system_stm32f1xx.o"
../Core/Src/main.c: In function 'display7SEG1':
../Core/Src/main.c:91:37: error: 'C_Pin' undeclared (first use in this function); did you mean 'C2_Pin'?
   91 |   HAL_GPIO_WritePin(GPIOB, B1_Pin | C_Pin | F_Pin | G_Pin,
      |                                     ^~~~~
      |                                     C2_Pin
../Core/Src/main.c:91:37: note: each undeclared identifier is reported only once for each function it appears in
../Core/Src/main.c:91:45: error: 'F_Pin' undeclared (first use in this function); did you mean 'F2_Pin'?
   91 |   HAL_GPIO_WritePin(GPIOB, B1_Pin | C_Pin | F_Pin | G_Pin,
      |                                             ^~~~~
      |                                             F2_Pin
../Core/Src/main.c:91:53: error: 'G_Pin' undeclared (first use in this function); did you mean 'G1_Pin'?
   91 |   HAL_GPIO_WritePin(GPIOB, B1_Pin | C_Pin | F_Pin | G_Pin,
      |                                                     ^~~~~
      |                                                     G1_Pin
../Core/Src/main.c: In function 'main':
../Core/Src/main.c:182:3: warning: implicit declaration of function 'HAL_GPIO_WritenPin'; did you mean 'HAL_GPIO_WritePin'? [-Wimplicit-function-declaration]
  182 |   HAL_GPIO_WritenPin(LED_RED_1_Port, LED_RED_1_Pin, GPIO_PIN_RESET);
      |   ^~~~~~~~~~~~~~~~~~
      |   HAL_GPIO_WritePin
../Core/Src/main.c:182:22: error: 'LED_RED_1_Port' undeclared (first use in this function); did you mean 'LED_RED_1_Pin'?
  182 |   HAL_GPIO_WritenPin(LED_RED_1_Port, LED_RED_1_Pin, GPIO_PIN_RESET);
      |                      ^~~~~~~~~~~~~~
      |                      LED_RED_1_Pin
../Core/Src/main.c:183:22: error: 'LED_YELLOW_1_Port' undeclared (first use in this function); did you mean 'LED_YELLOW_1_Pin'?
  183 |   HAL_GPIO_WritenPin(LED_YELLOW_1_Port, LED_RED_1_Pin, GPIO_PIN_SET);
      |                      ^~~~~~~~~~~~~~~~~
      |                      LED_YELLOW_1_Pin
../Core/Src/main.c:184:22: error: 'LED_GREEN_1_Port' undeclared (first use in this function); did you mean 'LED_GREEN_1_Pin'?
  184 |   HAL_GPIO_WritenPin(LED_GREEN_1_Port, LED_RED_1_Pin, GPIO_PIN_SET);
      |                      ^~~~~~~~~~~~~~~~
      |                      LED_GREEN_1_Pin
../Core/Src/main.c:206:22: error: 'LED_RED_2_Port' undeclared (first use in this function); did you mean 'LED_RED_2_Pin'?
  206 |   HAL_GPIO_WritenPin(LED_RED_2_Port, LED_RED_2_Pin, GPIO_PIN_SET);
      |                      ^~~~~~~~~~~~~~
      |                      LED_RED_2_Pin
../Core/Src/main.c:207:22: error: 'LED_YELLOW_2_Port' undeclared (first use in this function); did you mean 'LED_YELLOW_2_Pin'?
  207 |   HAL_GPIO_WritenPin(LED_YELLOW_2_Port, LED_RED_2_Pin, GPIO_PIN_SET);
      |                      ^~~~~~~~~~~~~~~~~
      |                      LED_YELLOW_2_Pin
../Core/Src/main.c:208:22: error: 'LED_GREEN_2_Port' undeclared (first use in this function); did you mean 'LED_GREEN_2_Pin'?
  208 |   HAL_GPIO_WritenPin(LED_GREEN_2_Port, LED_RED_2_Pin, GPIO_PIN_RESET);
      |                      ^~~~~~~~~~~~~~~~
      |                      LED_GREEN_2_Pin
../Core/Src/main.c: In function 'display7SEG1':
../Core/Src/main.c:103:1: warning: control reaches end of non-void function [-Wreturn-type]
  103 | }
      | ^
../Core/Src/main.c: In function 'display7SEG2':
../Core/Src/main.c:142:1: warning: control reaches end of non-void function [-Wreturn-type]
  142 | }
      | ^
make: *** [Core/Src/subdir.mk:34: Core/Src/main.o] Error 1
make: *** Waiting for unfinished jobs....
"make -j12 all" terminated with exit code 2. Build might be incomplete.
22:37:42 **** Incremental Build of configuration Debug for project ex5 ****
make -j12 all 
arm-none-eabi-gcc "../Core/Src/main.c" -mcpu=cortex-m3 -std=gnu11 -g3 -DDEBUG -DUSE_HAL_DRIVER -DSTM32F103x6 -c -I../Core/Inc -I../Drivers/STM32F1xx_HAL_Driver/Inc -I../Drivers/STM32F1xx_HAL_Driver/Inc/Legacy -I../Drivers/CMSIS/Device/ST/STM32F1xx/Include -I../Drivers/CMSIS/Include -O0 -ffunction-sections -fdata-sections -Wall -fstack-usage -MMD -MP -MF"Core/Src/main.d" -MT"Core/Src/main.o" --specs=nano.specs -mfloat-abi=soft -mthumb -o "Core/Src/main.o"
../Core/Src/main.c: In function 'display7SEG1':
../Core/Src/main.c:91:37: error: 'C_Pin' undeclared (first use in this function); did you mean 'C2_Pin'?
   91 |   HAL_GPIO_WritePin(GPIOB, B1_Pin | C_Pin | F_Pin | G_Pin,
      |                                     ^~~~~
      |                                     C2_Pin
../Core/Src/main.c:91:37: note: each undeclared identifier is reported only once for each function it appears in
../Core/Src/main.c:91:45: error: 'F_Pin' undeclared (first use in this function); did you mean 'F2_Pin'?
   91 |   HAL_GPIO_WritePin(GPIOB, B1_Pin | C_Pin | F_Pin | G_Pin,
      |                                             ^~~~~
      |                                             F2_Pin
../Core/Src/main.c:91:53: error: 'G_Pin' undeclared (first use in this function); did you mean 'G1_Pin'?
   91 |   HAL_GPIO_WritePin(GPIOB, B1_Pin | C_Pin | F_Pin | G_Pin,
      |                                                     ^~~~~
      |                                                     G1_Pin
../Core/Src/main.c: In function 'main':
../Core/Src/main.c:182:3: warning: implicit declaration of function 'HAL_GPIO_WritenPin'; did you mean 'HAL_GPIO_WritePin'? [-Wimplicit-function-declaration]
  182 |   HAL_GPIO_WritenPin(LED_RED_1_Port, LED_RED_1_Pin, GPIO_PIN_RESET);
      |   ^~~~~~~~~~~~~~~~~~
      |   HAL_GPIO_WritePin
../Core/Src/main.c:182:22: error: 'LED_RED_1_Port' undeclared (first use in this function); did you mean 'LED_RED_1_Pin'?
  182 |   HAL_GPIO_WritenPin(LED_RED_1_Port, LED_RED_1_Pin, GPIO_PIN_RESET);
      |                      ^~~~~~~~~~~~~~
      |                      LED_RED_1_Pin
../Core/Src/main.c:183:22: error: 'LED_YELLOW_1_Port' undeclared (first use in this function); did you mean 'LED_YELLOW_1_Pin'?
  183 |   HAL_GPIO_WritenPin(LED_YELLOW_1_Port, LED_YELLOW_1_Pin, GPIO_PIN_SET);
      |                      ^~~~~~~~~~~~~~~~~
      |                      LED_YELLOW_1_Pin
../Core/Src/main.c:184:22: error: 'LED_GREEN_1_Port' undeclared (first use in this function); did you mean 'LED_GREEN_1_Pin'?
  184 |   HAL_GPIO_WritenPin(LED_GREEN_1_Port, LED_GREEN_1_Pin, GPIO_PIN_SET);
      |                      ^~~~~~~~~~~~~~~~
      |                      LED_GREEN_1_Pin
../Core/Src/main.c:206:22: error: 'LED_RED_2_Port' undeclared (first use in this function); did you mean 'LED_RED_2_Pin'?
  206 |   HAL_GPIO_WritenPin(LED_RED_2_Port, LED_RED_2_Pin, GPIO_PIN_SET);
      |                      ^~~~~~~~~~~~~~
      |                      LED_RED_2_Pin
../Core/Src/main.c:207:22: error: 'LED_YELLOW_2_Port' undeclared (first use in this function); did you mean 'LED_YELLOW_2_Pin'?
  207 |   HAL_GPIO_WritenPin(LED_YELLOW_2_Port, LED_YELLOW_2_Pin, GPIO_PIN_SET);
      |                      ^~~~~~~~~~~~~~~~~
      |                      LED_YELLOW_2_Pin
../Core/Src/main.c:208:22: error: 'LED_GREEN_2_Port' undeclared (first use in this function); did you mean 'LED_GREEN_2_Pin'?
  208 |   HAL_GPIO_WritenPin(LED_GREEN_2_Port, LED_GREEN_2_Pin, GPIO_PIN_RESET);
      |                      ^~~~~~~~~~~~~~~~
      |                      LED_GREEN_2_Pin
../Core/Src/main.c: In function 'display7SEG1':
../Core/Src/main.c:103:1: warning: control reaches end of non-void function [-Wreturn-type]
  103 | }
      | ^
../Core/Src/main.c: In function 'display7SEG2':
../Core/Src/main.c:142:1: warning: control reaches end of non-void function [-Wreturn-type]
  142 | }
      | ^
make: *** [Core/Src/subdir.mk:34: Core/Src/main.o] Error 1
"make -j12 all" terminated with exit code 2. Build might be incomplete.
22:39:09 **** Incremental Build of configuration Debug for project ex5 ****
make -j12 all 
arm-none-eabi-gcc "../Drivers/STM32F1xx_HAL_Driver/Src/stm32f1xx_hal.c" -mcpu=cortex-m3 -std=gnu11 -g3 -DDEBUG -DUSE_HAL_DRIVER -DSTM32F103x6 -c -I../Core/Inc -I../Drivers/STM32F1xx_HAL_Driver/Inc -I../Drivers/STM32F1xx_HAL_Driver/Inc/Legacy -I../Drivers/CMSIS/Device/ST/STM32F1xx/Include -I../Drivers/CMSIS/Include -O0 -ffunction-sections -fdata-sections -Wall -fstack-usage -MMD -MP -MF"Drivers/STM32F1xx_HAL_Driver/Src/stm32f1xx_hal.d" -MT"Drivers/STM32F1xx_HAL_Driver/Src/stm32f1xx_hal.o" --specs=nano.specs -mfloat-abi=soft -mthumb -o "Drivers/STM32F1xx_HAL_Driver/Src/stm32f1xx_hal.o"
arm-none-eabi-gcc "../Drivers/STM32F1xx_HAL_Driver/Src/stm32f1xx_hal_cortex.c" -mcpu=cortex-m3 -std=gnu11 -g3 -DDEBUG -DUSE_HAL_DRIVER -DSTM32F103x6 -c -I../Core/Inc -I../Drivers/STM32F1xx_HAL_Driver/Inc -I../Drivers/STM32F1xx_HAL_Driver/Inc/Legacy -I../Drivers/CMSIS/Device/ST/STM32F1xx/Include -I../Drivers/CMSIS/Include -O0 -ffunction-sections -fdata-sections -Wall -fstack-usage -MMD -MP -MF"Drivers/STM32F1xx_HAL_Driver/Src/stm32f1xx_hal_cortex.d" -MT"Drivers/STM32F1xx_HAL_Driver/Src/stm32f1xx_hal_cortex.o" --specs=nano.specs -mfloat-abi=soft -mthumb -o "Drivers/STM32F1xx_HAL_Driver/Src/stm32f1xx_hal_cortex.o"
arm-none-eabi-gcc "../Drivers/STM32F1xx_HAL_Driver/Src/stm32f1xx_hal_dma.c" -mcpu=cortex-m3 -std=gnu11 -g3 -DDEBUG -DUSE_HAL_DRIVER -DSTM32F103x6 -c -I../Core/Inc -I../Drivers/STM32F1xx_HAL_Driver/Inc -I../Drivers/STM32F1xx_HAL_Driver/Inc/Legacy -I../Drivers/CMSIS/Device/ST/STM32F1xx/Include -I../Drivers/CMSIS/Include -O0 -ffunction-sections -fdata-sections -Wall -fstack-usage -MMD -MP -MF"Drivers/STM32F1xx_HAL_Driver/Src/stm32f1xx_hal_dma.d" -MT"Drivers/STM32F1xx_HAL_Driver/Src/stm32f1xx_hal_dma.o" --specs=nano.specs -mfloat-abi=soft -mthumb -o "Drivers/STM32F1xx_HAL_Driver/Src/stm32f1xx_hal_dma.o"
arm-none-eabi-gcc "../Drivers/STM32F1xx_HAL_Driver/Src/stm32f1xx_hal_exti.c" -mcpu=cortex-m3 -std=gnu11 -g3 -DDEBUG -DUSE_HAL_DRIVER -DSTM32F103x6 -c -I../Core/Inc -I../Drivers/STM32F1xx_HAL_Driver/Inc -I../Drivers/STM32F1xx_HAL_Driver/Inc/Legacy -I../Drivers/CMSIS/Device/ST/STM32F1xx/Include -I../Drivers/CMSIS/Include -O0 -ffunction-sections -fdata-sections -Wall -fstack-usage -MMD -MP -MF"Drivers/STM32F1xx_HAL_Driver/Src/stm32f1xx_hal_exti.d" -MT"Drivers/STM32F1xx_HAL_Driver/Src/stm32f1xx_hal_exti.o" --specs=nano.specs -mfloat-abi=soft -mthumb -o "Drivers/STM32F1xx_HAL_Driver/Src/stm32f1xx_hal_exti.o"
arm-none-eabi-gcc "../Drivers/STM32F1xx_HAL_Driver/Src/stm32f1xx_hal_flash.c" -mcpu=cortex-m3 -std=gnu11 -g3 -DDEBUG -DUSE_HAL_DRIVER -DSTM32F103x6 -c -I../Core/Inc -I../Drivers/STM32F1xx_HAL_Driver/Inc -I../Drivers/STM32F1xx_HAL_Driver/Inc/Legacy -I../Drivers/CMSIS/Device/ST/STM32F1xx/Include -I../Drivers/CMSIS/Include -O0 -ffunction-sections -fdata-sections -Wall -fstack-usage -MMD -MP -MF"Drivers/STM32F1xx_HAL_Driver/Src/stm32f1xx_hal_flash.d" -MT"Drivers/STM32F1xx_HAL_Driver/Src/stm32f1xx_hal_flash.o" --specs=nano.specs -mfloat-abi=soft -mthumb -o "Drivers/STM32F1xx_HAL_Driver/Src/stm32f1xx_hal_flash.o"
arm-none-eabi-gcc "../Drivers/STM32F1xx_HAL_Driver/Src/stm32f1xx_hal_flash_ex.c" -mcpu=cortex-m3 -std=gnu11 -g3 -DDEBUG -DUSE_HAL_DRIVER -DSTM32F103x6 -c -I../Core/Inc -I../Drivers/STM32F1xx_HAL_Driver/Inc -I../Drivers/STM32F1xx_HAL_Driver/Inc/Legacy -I../Drivers/CMSIS/Device/ST/STM32F1xx/Include -I../Drivers/CMSIS/Include -O0 -ffunction-sections -fdata-sections -Wall -fstack-usage -MMD -MP -MF"Drivers/STM32F1xx_HAL_Driver/Src/stm32f1xx_hal_flash_ex.d" -MT"Drivers/STM32F1xx_HAL_Driver/Src/stm32f1xx_hal_flash_ex.o" --specs=nano.specs -mfloat-abi=soft -mthumb -o "Drivers/STM32F1xx_HAL_Driver/Src/stm32f1xx_hal_flash_ex.o"
arm-none-eabi-gcc "../Drivers/STM32F1xx_HAL_Driver/Src/stm32f1xx_hal_gpio.c" -mcpu=cortex-m3 -std=gnu11 -g3 -DDEBUG -DUSE_HAL_DRIVER -DSTM32F103x6 -c -I../Core/Inc -I../Drivers/STM32F1xx_HAL_Driver/Inc -I../Drivers/STM32F1xx_HAL_Driver/Inc/Legacy -I../Drivers/CMSIS/Device/ST/STM32F1xx/Include -I../Drivers/CMSIS/Include -O0 -ffunction-sections -fdata-sections -Wall -fstack-usage -MMD -MP -MF"Drivers/STM32F1xx_HAL_Driver/Src/stm32f1xx_hal_gpio.d" -MT"Drivers/STM32F1xx_HAL_Driver/Src/stm32f1xx_hal_gpio.o" --specs=nano.specs -mfloat-abi=soft -mthumb -o "Drivers/STM32F1xx_HAL_Driver/Src/stm32f1xx_hal_gpio.o"
arm-none-eabi-gcc "../Drivers/STM32F1xx_HAL_Driver/Src/stm32f1xx_hal_gpio_ex.c" -mcpu=cortex-m3 -std=gnu11 -g3 -DDEBUG -DUSE_HAL_DRIVER -DSTM32F103x6 -c -I../Core/Inc -I../Drivers/STM32F1xx_HAL_Driver/Inc -I../Drivers/STM32F1xx_HAL_Driver/Inc/Legacy -I../Drivers/CMSIS/Device/ST/STM32F1xx/Include -I../Drivers/CMSIS/Include -O0 -ffunction-sections -fdata-sections -Wall -fstack-usage -MMD -MP -MF"Drivers/STM32F1xx_HAL_Driver/Src/stm32f1xx_hal_gpio_ex.d" -MT"Drivers/STM32F1xx_HAL_Driver/Src/stm32f1xx_hal_gpio_ex.o" --specs=nano.specs -mfloat-abi=soft -mthumb -o "Drivers/STM32F1xx_HAL_Driver/Src/stm32f1xx_hal_gpio_ex.o"
arm-none-eabi-gcc "../Drivers/STM32F1xx_HAL_Driver/Src/stm32f1xx_hal_pwr.c" -mcpu=cortex-m3 -std=gnu11 -g3 -DDEBUG -DUSE_HAL_DRIVER -DSTM32F103x6 -c -I../Core/Inc -I../Drivers/STM32F1xx_HAL_Driver/Inc -I../Drivers/STM32F1xx_HAL_Driver/Inc/Legacy -I../Drivers/CMSIS/Device/ST/STM32F1xx/Include -I../Drivers/CMSIS/Include -O0 -ffunction-sections -fdata-sections -Wall -fstack-usage -MMD -MP -MF"Drivers/STM32F1xx_HAL_Driver/Src/stm32f1xx_hal_pwr.d" -MT"Drivers/STM32F1xx_HAL_Driver/Src/stm32f1xx_hal_pwr.o" --specs=nano.specs -mfloat-abi=soft -mthumb -o "Drivers/STM32F1xx_HAL_Driver/Src/stm32f1xx_hal_pwr.o"
arm-none-eabi-gcc "../Drivers/STM32F1xx_HAL_Driver/Src/stm32f1xx_hal_rcc.c" -mcpu=cortex-m3 -std=gnu11 -g3 -DDEBUG -DUSE_HAL_DRIVER -DSTM32F103x6 -c -I../Core/Inc -I../Drivers/STM32F1xx_HAL_Driver/Inc -I../Drivers/STM32F1xx_HAL_Driver/Inc/Legacy -I../Drivers/CMSIS/Device/ST/STM32F1xx/Include -I../Drivers/CMSIS/Include -O0 -ffunction-sections -fdata-sections -Wall -fstack-usage -MMD -MP -MF"Drivers/STM32F1xx_HAL_Driver/Src/stm32f1xx_hal_rcc.d" -MT"Drivers/STM32F1xx_HAL_Driver/Src/stm32f1xx_hal_rcc.o" --specs=nano.specs -mfloat-abi=soft -mthumb -o "Drivers/STM32F1xx_HAL_Driver/Src/stm32f1xx_hal_rcc.o"
arm-none-eabi-gcc "../Drivers/STM32F1xx_HAL_Driver/Src/stm32f1xx_hal_rcc_ex.c" -mcpu=cortex-m3 -std=gnu11 -g3 -DDEBUG -DUSE_HAL_DRIVER -DSTM32F103x6 -c -I../Core/Inc -I../Drivers/STM32F1xx_HAL_Driver/Inc -I../Drivers/STM32F1xx_HAL_Driver/Inc/Legacy -I../Drivers/CMSIS/Device/ST/STM32F1xx/Include -I../Drivers/CMSIS/Include -O0 -ffunction-sections -fdata-sections -Wall -fstack-usage -MMD -MP -MF"Drivers/STM32F1xx_HAL_Driver/Src/stm32f1xx_hal_rcc_ex.d" -MT"Drivers/STM32F1xx_HAL_Driver/Src/stm32f1xx_hal_rcc_ex.o" --specs=nano.specs -mfloat-abi=soft -mthumb -o "Drivers/STM32F1xx_HAL_Driver/Src/stm32f1xx_hal_rcc_ex.o"
arm-none-eabi-gcc "../Drivers/STM32F1xx_HAL_Driver/Src/stm32f1xx_hal_tim.c" -mcpu=cortex-m3 -std=gnu11 -g3 -DDEBUG -DUSE_HAL_DRIVER -DSTM32F103x6 -c -I../Core/Inc -I../Drivers/STM32F1xx_HAL_Driver/Inc -I../Drivers/STM32F1xx_HAL_Driver/Inc/Legacy -I../Drivers/CMSIS/Device/ST/STM32F1xx/Include -I../Drivers/CMSIS/Include -O0 -ffunction-sections -fdata-sections -Wall -fstack-usage -MMD -MP -MF"Drivers/STM32F1xx_HAL_Driver/Src/stm32f1xx_hal_tim.d" -MT"Drivers/STM32F1xx_HAL_Driver/Src/stm32f1xx_hal_tim.o" --specs=nano.specs -mfloat-abi=soft -mthumb -o "Drivers/STM32F1xx_HAL_Driver/Src/stm32f1xx_hal_tim.o"
arm-none-eabi-gcc "../Drivers/STM32F1xx_HAL_Driver/Src/stm32f1xx_hal_tim_ex.c" -mcpu=cortex-m3 -std=gnu11 -g3 -DDEBUG -DUSE_HAL_DRIVER -DSTM32F103x6 -c -I../Core/Inc -I../Drivers/STM32F1xx_HAL_Driver/Inc -I../Drivers/STM32F1xx_HAL_Driver/Inc/Legacy -I../Drivers/CMSIS/Device/ST/STM32F1xx/Include -I../Drivers/CMSIS/Include -O0 -ffunction-sections -fdata-sections -Wall -fstack-usage -MMD -MP -MF"Drivers/STM32F1xx_HAL_Driver/Src/stm32f1xx_hal_tim_ex.d" -MT"Drivers/STM32F1xx_HAL_Driver/Src/stm32f1xx_hal_tim_ex.o" --specs=nano.specs -mfloat-abi=soft -mthumb -o "Drivers/STM32F1xx_HAL_Driver/Src/stm32f1xx_hal_tim_ex.o"
arm-none-eabi-gcc "../Core/Src/main.c" -mcpu=cortex-m3 -std=gnu11 -g3 -DDEBUG -DUSE_HAL_DRIVER -DSTM32F103x6 -c -I../Core/Inc -I../Drivers/STM32F1xx_HAL_Driver/Inc -I../Drivers/STM32F1xx_HAL_Driver/Inc/Legacy -I../Drivers/CMSIS/Device/ST/STM32F1xx/Include -I../Drivers/CMSIS/Include -O0 -ffunction-sections -fdata-sections -Wall -fstack-usage -MMD -MP -MF"Core/Src/main.d" -MT"Core/Src/main.o" --specs=nano.specs -mfloat-abi=soft -mthumb -o "Core/Src/main.o"
arm-none-eabi-gcc "../Core/Src/stm32f1xx_hal_msp.c" -mcpu=cortex-m3 -std=gnu11 -g3 -DDEBUG -DUSE_HAL_DRIVER -DSTM32F103x6 -c -I../Core/Inc -I../Drivers/STM32F1xx_HAL_Driver/Inc -I../Drivers/STM32F1xx_HAL_Driver/Inc/Legacy -I../Drivers/CMSIS/Device/ST/STM32F1xx/Include -I../Drivers/CMSIS/Include -O0 -ffunction-sections -fdata-sections -Wall -fstack-usage -MMD -MP -MF"Core/Src/stm32f1xx_hal_msp.d" -MT"Core/Src/stm32f1xx_hal_msp.o" --specs=nano.specs -mfloat-abi=soft -mthumb -o "Core/Src/stm32f1xx_hal_msp.o"
arm-none-eabi-gcc "../Core/Src/stm32f1xx_it.c" -mcpu=cortex-m3 -std=gnu11 -g3 -DDEBUG -DUSE_HAL_DRIVER -DSTM32F103x6 -c -I../Core/Inc -I../Drivers/STM32F1xx_HAL_Driver/Inc -I../Drivers/STM32F1xx_HAL_Driver/Inc/Legacy -I../Drivers/CMSIS/Device/ST/STM32F1xx/Include -I../Drivers/CMSIS/Include -O0 -ffunction-sections -fdata-sections -Wall -fstack-usage -MMD -MP -MF"Core/Src/stm32f1xx_it.d" -MT"Core/Src/stm32f1xx_it.o" --specs=nano.specs -mfloat-abi=soft -mthumb -o "Core/Src/stm32f1xx_it.o"
arm-none-eabi-gcc "../Core/Src/system_stm32f1xx.c" -mcpu=cortex-m3 -std=gnu11 -g3 -DDEBUG -DUSE_HAL_DRIVER -DSTM32F103x6 -c -I../Core/Inc -I../Drivers/STM32F1xx_HAL_Driver/Inc -I../Drivers/STM32F1xx_HAL_Driver/Inc/Legacy -I../Drivers/CMSIS/Device/ST/STM32F1xx/Include -I../Drivers/CMSIS/Include -O0 -ffunction-sections -fdata-sections -Wall -fstack-usage -MMD -MP -MF"Core/Src/system_stm32f1xx.d" -MT"Core/Src/system_stm32f1xx.o" --specs=nano.specs -mfloat-abi=soft -mthumb -o "Core/Src/system_stm32f1xx.o"
../Core/Src/main.c: In function 'display7SEG1':
../Core/Src/main.c:91:37: error: 'C_Pin' undeclared (first use in this function); did you mean 'C2_Pin'?
   91 |   HAL_GPIO_WritePin(GPIOB, B1_Pin | C_Pin | F_Pin | G_Pin,
      |                                     ^~~~~
      |                                     C2_Pin
../Core/Src/main.c:91:37: note: each undeclared identifier is reported only once for each function it appears in
../Core/Src/main.c:91:45: error: 'F_Pin' undeclared (first use in this function); did you mean 'F2_Pin'?
   91 |   HAL_GPIO_WritePin(GPIOB, B1_Pin | C_Pin | F_Pin | G_Pin,
      |                                             ^~~~~
      |                                             F2_Pin
../Core/Src/main.c:91:53: error: 'G_Pin' undeclared (first use in this function); did you mean 'G1_Pin'?
   91 |   HAL_GPIO_WritePin(GPIOB, B1_Pin | C_Pin | F_Pin | G_Pin,
      |                                                     ^~~~~
      |                                                     G1_Pin
../Core/Src/main.c: In function 'main':
../Core/Src/main.c:182:3: warning: implicit declaration of function 'HAL_GPIO_WritenPin'; did you mean 'HAL_GPIO_WritePin'? [-Wimplicit-function-declaration]
  182 |   HAL_GPIO_WritenPin(LED_RED_1_Port, LED_RED_1_Pin, GPIO_PIN_RESET);
      |   ^~~~~~~~~~~~~~~~~~
      |   HAL_GPIO_WritePin
../Core/Src/main.c:182:22: error: 'LED_RED_1_Port' undeclared (first use in this function); did you mean 'LED_RED_1_Pin'?
  182 |   HAL_GPIO_WritenPin(LED_RED_1_Port, LED_RED_1_Pin, GPIO_PIN_RESET);
      |                      ^~~~~~~~~~~~~~
      |                      LED_RED_1_Pin
../Core/Src/main.c:183:22: error: 'LED_YELLOW_1_Port' undeclared (first use in this function); did you mean 'LED_YELLOW_1_Pin'?
  183 |   HAL_GPIO_WritenPin(LED_YELLOW_1_Port, LED_YELLOW_1_Pin, GPIO_PIN_SET);
      |                      ^~~~~~~~~~~~~~~~~
      |                      LED_YELLOW_1_Pin
../Core/Src/main.c:184:22: error: 'LED_GREEN_1_Port' undeclared (first use in this function); did you mean 'LED_GREEN_1_Pin'?
  184 |   HAL_GPIO_WritenPin(LED_GREEN_1_Port, LED_GREEN_1_Pin, GPIO_PIN_SET);
      |                      ^~~~~~~~~~~~~~~~
      |                      LED_GREEN_1_Pin
../Core/Src/main.c:206:22: error: 'LED_RED_2_Port' undeclared (first use in this function); did you mean 'LED_RED_2_Pin'?
  206 |   HAL_GPIO_WritenPin(LED_RED_2_Port, LED_RED_2_Pin, GPIO_PIN_SET);
      |                      ^~~~~~~~~~~~~~
      |                      LED_RED_2_Pin
../Core/Src/main.c:207:22: error: 'LED_YELLOW_2_Port' undeclared (first use in this function); did you mean 'LED_YELLOW_2_Pin'?
  207 |   HAL_GPIO_WritenPin(LED_YELLOW_2_Port, LED_YELLOW_2_Pin, GPIO_PIN_SET);
      |                      ^~~~~~~~~~~~~~~~~
      |                      LED_YELLOW_2_Pin
../Core/Src/main.c:208:22: error: 'LED_GREEN_2_Port' undeclared (first use in this function); did you mean 'LED_GREEN_2_Pin'?
  208 |   HAL_GPIO_WritenPin(LED_GREEN_2_Port, LED_GREEN_2_Pin, GPIO_PIN_RESET);
      |                      ^~~~~~~~~~~~~~~~
      |                      LED_GREEN_2_Pin
../Core/Src/main.c: In function 'display7SEG1':
../Core/Src/main.c:103:1: warning: control reaches end of non-void function [-Wreturn-type]
  103 | }
      | ^
../Core/Src/main.c: In function 'display7SEG2':
../Core/Src/main.c:142:1: warning: control reaches end of non-void function [-Wreturn-type]
  142 | }
      | ^
make: *** [Core/Src/subdir.mk:34: Core/Src/main.o] Error 1
make: *** Waiting for unfinished jobs....
"make -j12 all" terminated with exit code 2. Build might be incomplete.
22:41:16 **** Incremental Build of configuration Debug for project ex5 ****
make -j12 all 
arm-none-eabi-gcc "../Core/Src/main.c" -mcpu=cortex-m3 -std=gnu11 -g3 -DDEBUG -DUSE_HAL_DRIVER -DSTM32F103x6 -c -I../Core/Inc -I../Drivers/STM32F1xx_HAL_Driver/Inc -I../Drivers/STM32F1xx_HAL_Driver/Inc/Legacy -I../Drivers/CMSIS/Device/ST/STM32F1xx/Include -I../Drivers/CMSIS/Include -O0 -ffunction-sections -fdata-sections -Wall -fstack-usage -MMD -MP -MF"Core/Src/main.d" -MT"Core/Src/main.o" --specs=nano.specs -mfloat-abi=soft -mthumb -o "Core/Src/main.o"
../Core/Src/main.c: In function 'display7SEG1':
../Core/Src/main.c:91:37: error: 'C_Pin' undeclared (first use in this function); did you mean 'C2_Pin'?
   91 |   HAL_GPIO_WritePin(GPIOB, B1_Pin | C_Pin | F_Pin | G_Pin,
      |                                     ^~~~~
      |                                     C2_Pin
../Core/Src/main.c:91:37: note: each undeclared identifier is reported only once for each function it appears in
../Core/Src/main.c:91:45: error: 'F_Pin' undeclared (first use in this function); did you mean 'F2_Pin'?
   91 |   HAL_GPIO_WritePin(GPIOB, B1_Pin | C_Pin | F_Pin | G_Pin,
      |                                             ^~~~~
      |                                             F2_Pin
../Core/Src/main.c:91:53: error: 'G_Pin' undeclared (first use in this function); did you mean 'G1_Pin'?
   91 |   HAL_GPIO_WritePin(GPIOB, B1_Pin | C_Pin | F_Pin | G_Pin,
      |                                                     ^~~~~
      |                                                     G1_Pin
../Core/Src/main.c: In function 'main':
../Core/Src/main.c:182:3: warning: implicit declaration of function 'HAL_GPIO_WritenPin'; did you mean 'HAL_GPIO_WritePin'? [-Wimplicit-function-declaration]
  182 |   HAL_GPIO_WritenPin(LED_RED_1_GPIO_Port, LED_RED_1_Pin, GPIO_PIN_RESET);
      |   ^~~~~~~~~~~~~~~~~~
      |   HAL_GPIO_WritePin
../Core/Src/main.c:196:22: error: 'LED_GREEN_1_GPIOPort' undeclared (first use in this function); did you mean 'LED_GREEN_1_GPIO_Port'?
  196 |   HAL_GPIO_WritenPin(LED_GREEN_1_GPIOPort, LED_GREEN_1_Pin, GPIO_PIN_SET);
      |                      ^~~~~~~~~~~~~~~~~~~~
      |                      LED_GREEN_1_GPIO_Port
../Core/Src/main.c: In function 'display7SEG1':
../Core/Src/main.c:103:1: warning: control reaches end of non-void function [-Wreturn-type]
  103 | }
      | ^
../Core/Src/main.c: In function 'display7SEG2':
../Core/Src/main.c:142:1: warning: control reaches end of non-void function [-Wreturn-type]
  142 | }
      | ^
make: *** [Core/Src/subdir.mk:34: Core/Src/main.o] Error 1
"make -j12 all" terminated with exit code 2. Build might be incomplete.
22:41:38 **** Incremental Build of configuration Debug for project ex5 ****
make -j12 all 
arm-none-eabi-gcc "../Core/Src/main.c" -mcpu=cortex-m3 -std=gnu11 -g3 -DDEBUG -DUSE_HAL_DRIVER -DSTM32F103x6 -c -I../Core/Inc -I../Drivers/STM32F1xx_HAL_Driver/Inc -I../Drivers/STM32F1xx_HAL_Driver/Inc/Legacy -I../Drivers/CMSIS/Device/ST/STM32F1xx/Include -I../Drivers/CMSIS/Include -O0 -ffunction-sections -fdata-sections -Wall -fstack-usage -MMD -MP -MF"Core/Src/main.d" -MT"Core/Src/main.o" --specs=nano.specs -mfloat-abi=soft -mthumb -o "Core/Src/main.o"
../Core/Src/main.c: In function 'display7SEG1':
../Core/Src/main.c:91:37: error: 'C_Pin' undeclared (first use in this function); did you mean 'C2_Pin'?
   91 |   HAL_GPIO_WritePin(GPIOB, B1_Pin | C_Pin | F_Pin | G_Pin,
      |                                     ^~~~~
      |                                     C2_Pin
../Core/Src/main.c:91:37: note: each undeclared identifier is reported only once for each function it appears in
../Core/Src/main.c:91:45: error: 'F_Pin' undeclared (first use in this function); did you mean 'F2_Pin'?
   91 |   HAL_GPIO_WritePin(GPIOB, B1_Pin | C_Pin | F_Pin | G_Pin,
      |                                             ^~~~~
      |                                             F2_Pin
../Core/Src/main.c:91:53: error: 'G_Pin' undeclared (first use in this function); did you mean 'G1_Pin'?
   91 |   HAL_GPIO_WritePin(GPIOB, B1_Pin | C_Pin | F_Pin | G_Pin,
      |                                                     ^~~~~
      |                                                     G1_Pin
../Core/Src/main.c: In function 'main':
../Core/Src/main.c:182:3: warning: implicit declaration of function 'HAL_GPIO_WritenPin'; did you mean 'HAL_GPIO_WritePin'? [-Wimplicit-function-declaration]
  182 |   HAL_GPIO_WritenPin(LED_RED_1_GPIO_Port, LED_RED_1_Pin, GPIO_PIN_RESET);
      |   ^~~~~~~~~~~~~~~~~~
      |   HAL_GPIO_WritePin
../Core/Src/main.c: In function 'display7SEG1':
../Core/Src/main.c:103:1: warning: control reaches end of non-void function [-Wreturn-type]
  103 | }
      | ^
../Core/Src/main.c: In function 'display7SEG2':
../Core/Src/main.c:142:1: warning: control reaches end of non-void function [-Wreturn-type]
  142 | }
      | ^
make: *** [Core/Src/subdir.mk:34: Core/Src/main.o] Error 1
"make -j12 all" terminated with exit code 2. Build might be incomplete.
22:41:59 **** Incremental Build of configuration Debug for project ex5 ****
make -j12 all 
arm-none-eabi-gcc "../Core/Src/main.c" -mcpu=cortex-m3 -std=gnu11 -g3 -DDEBUG -DUSE_HAL_DRIVER -DSTM32F103x6 -c -I../Core/Inc -I../Drivers/STM32F1xx_HAL_Driver/Inc -I../Drivers/STM32F1xx_HAL_Driver/Inc/Legacy -I../Drivers/CMSIS/Device/ST/STM32F1xx/Include -I../Drivers/CMSIS/Include -O0 -ffunction-sections -fdata-sections -Wall -fstack-usage -MMD -MP -MF"Core/Src/main.d" -MT"Core/Src/main.o" --specs=nano.specs -mfloat-abi=soft -mthumb -o "Core/Src/main.o"
../Core/Src/main.c: In function 'main':
../Core/Src/main.c:182:3: warning: implicit declaration of function 'HAL_GPIO_WritenPin'; did you mean 'HAL_GPIO_WritePin'? [-Wimplicit-function-declaration]
  182 |   HAL_GPIO_WritenPin(LED_RED_1_GPIO_Port, LED_RED_1_Pin, GPIO_PIN_RESET);
      |   ^~~~~~~~~~~~~~~~~~
      |   HAL_GPIO_WritePin
../Core/Src/main.c: In function 'display7SEG1':
../Core/Src/main.c:103:1: warning: control reaches end of non-void function [-Wreturn-type]
  103 | }
      | ^
../Core/Src/main.c: In function 'display7SEG2':
../Core/Src/main.c:142:1: warning: control reaches end of non-void function [-Wreturn-type]
  142 | }
      | ^
arm-none-eabi-gcc -o "ex5.elf" @"objects.list"   -mcpu=cortex-m3 -T"C:\Users\ACER\STM32CubeIDE\workspace_1.7.0\Lab1\ex5\ex5\STM32F103C6UX_FLASH.ld" --specs=nosys.specs -Wl,-Map="ex5.map" -Wl,--gc-sections -static --specs=nano.specs -mfloat-abi=soft -mthumb -Wl,--start-group -lc -lm -Wl,--end-group
c:\st\stm32cubeide_1.7.0\stm32cubeide\plugins\com.st.stm32cube.ide.mcu.externaltools.gnu-tools-for-stm32.9-2020-q2-update.win32_2.0.0.202105311346\tools\arm-none-eabi\bin\ld.exe: ./Core/Src/main.o: in function `main':
C:/Users/ACER/STM32CubeIDE/workspace_1.7.0/Lab1/ex5/ex5/Debug/../Core/Src/main.c:182: undefined reference to `HAL_GPIO_WritenPin'
c:\st\stm32cubeide_1.7.0\stm32cubeide\plugins\com.st.stm32cube.ide.mcu.externaltools.gnu-tools-for-stm32.9-2020-q2-update.win32_2.0.0.202105311346\tools\arm-none-eabi\bin\ld.exe: C:/Users/ACER/STM32CubeIDE/workspace_1.7.0/Lab1/ex5/ex5/Debug/../Core/Src/main.c:183: undefined reference to `HAL_GPIO_WritenPin'
c:\st\stm32cubeide_1.7.0\stm32cubeide\plugins\com.st.stm32cube.ide.mcu.externaltools.gnu-tools-for-stm32.9-2020-q2-update.win32_2.0.0.202105311346\tools\arm-none-eabi\bin\ld.exe: C:/Users/ACER/STM32CubeIDE/workspace_1.7.0/Lab1/ex5/ex5/Debug/../Core/Src/main.c:184: undefined reference to `HAL_GPIO_WritenPin'
c:\st\stm32cubeide_1.7.0\stm32cubeide\plugins\com.st.stm32cube.ide.mcu.externaltools.gnu-tools-for-stm32.9-2020-q2-update.win32_2.0.0.202105311346\tools\arm-none-eabi\bin\ld.exe: C:/Users/ACER/STM32CubeIDE/workspace_1.7.0/Lab1/ex5/ex5/Debug/../Core/Src/main.c:188: undefined reference to `HAL_GPIO_WritenPin'
c:\st\stm32cubeide_1.7.0\stm32cubeide\plugins\com.st.stm32cube.ide.mcu.externaltools.gnu-tools-for-stm32.9-2020-q2-update.win32_2.0.0.202105311346\tools\arm-none-eabi\bin\ld.exe: C:/Users/ACER/STM32CubeIDE/workspace_1.7.0/Lab1/ex5/ex5/Debug/../Core/Src/main.c:189: undefined reference to `HAL_GPIO_WritenPin'
c:\st\stm32cubeide_1.7.0\stm32cubeide\plugins\com.st.stm32cube.ide.mcu.externaltools.gnu-tools-for-stm32.9-2020-q2-update.win32_2.0.0.202105311346\tools\arm-none-eabi\bin\ld.exe: ./Core/Src/main.o:C:/Users/ACER/STM32CubeIDE/workspace_1.7.0/Lab1/ex5/ex5/Debug/../Core/Src/main.c:190: more undefined references to `HAL_GPIO_WritenPin' follow
collect2.exe: error: ld returned 1 exit status
make: *** [makefile:68: ex5.elf] Error 1
"make -j12 all" terminated with exit code 2. Build might be incomplete.
22:42:18 **** Incremental Build of configuration Debug for project ex5 ****
make -j12 all 
arm-none-eabi-gcc "../Core/Src/main.c" -mcpu=cortex-m3 -std=gnu11 -g3 -DDEBUG -DUSE_HAL_DRIVER -DSTM32F103x6 -c -I../Core/Inc -I../Drivers/STM32F1xx_HAL_Driver/Inc -I../Drivers/STM32F1xx_HAL_Driver/Inc/Legacy -I../Drivers/CMSIS/Device/ST/STM32F1xx/Include -I../Drivers/CMSIS/Include -O0 -ffunction-sections -fdata-sections -Wall -fstack-usage -MMD -MP -MF"Core/Src/main.d" -MT"Core/Src/main.o" --specs=nano.specs -mfloat-abi=soft -mthumb -o "Core/Src/main.o"
../Core/Src/main.c: In function 'main':
../Core/Src/main.c:182:3: warning: implicit declaration of function 'HAL_GPIO_WritenPin'; did you mean 'HAL_GPIO_WritePin'? [-Wimplicit-function-declaration]
  182 |   HAL_GPIO_WritenPin(LED_RED_1_GPIO_Port, LED_RED_1_Pin, GPIO_PIN_RESET);
      |   ^~~~~~~~~~~~~~~~~~
      |   HAL_GPIO_WritePin
../Core/Src/main.c: In function 'display7SEG1':
../Core/Src/main.c:103:1: warning: control reaches end of non-void function [-Wreturn-type]
  103 | }
      | ^
../Core/Src/main.c: In function 'display7SEG2':
../Core/Src/main.c:142:1: warning: control reaches end of non-void function [-Wreturn-type]
  142 | }
      | ^
arm-none-eabi-gcc -o "ex5.elf" @"objects.list"   -mcpu=cortex-m3 -T"C:\Users\ACER\STM32CubeIDE\workspace_1.7.0\Lab1\ex5\ex5\STM32F103C6UX_FLASH.ld" --specs=nosys.specs -Wl,-Map="ex5.map" -Wl,--gc-sections -static --specs=nano.specs -mfloat-abi=soft -mthumb -Wl,--start-group -lc -lm -Wl,--end-group
c:\st\stm32cubeide_1.7.0\stm32cubeide\plugins\com.st.stm32cube.ide.mcu.externaltools.gnu-tools-for-stm32.9-2020-q2-update.win32_2.0.0.202105311346\tools\arm-none-eabi\bin\ld.exe: ./Core/Src/main.o: in function `main':
C:/Users/ACER/STM32CubeIDE/workspace_1.7.0/Lab1/ex5/ex5/Debug/../Core/Src/main.c:182: undefined reference to `HAL_GPIO_WritenPin'
c:\st\stm32cubeide_1.7.0\stm32cubeide\plugins\com.st.stm32cube.ide.mcu.externaltools.gnu-tools-for-stm32.9-2020-q2-update.win32_2.0.0.202105311346\tools\arm-none-eabi\bin\ld.exe: C:/Users/ACER/STM32CubeIDE/workspace_1.7.0/Lab1/ex5/ex5/Debug/../Core/Src/main.c:183: undefined reference to `HAL_GPIO_WritenPin'
c:\st\stm32cubeide_1.7.0\stm32cubeide\plugins\com.st.stm32cube.ide.mcu.externaltools.gnu-tools-for-stm32.9-2020-q2-update.win32_2.0.0.202105311346\tools\arm-none-eabi\bin\ld.exe: C:/Users/ACER/STM32CubeIDE/workspace_1.7.0/Lab1/ex5/ex5/Debug/../Core/Src/main.c:184: undefined reference to `HAL_GPIO_WritenPin'
c:\st\stm32cubeide_1.7.0\stm32cubeide\plugins\com.st.stm32cube.ide.mcu.externaltools.gnu-tools-for-stm32.9-2020-q2-update.win32_2.0.0.202105311346\tools\arm-none-eabi\bin\ld.exe: C:/Users/ACER/STM32CubeIDE/workspace_1.7.0/Lab1/ex5/ex5/Debug/../Core/Src/main.c:188: undefined reference to `HAL_GPIO_WritenPin'
c:\st\stm32cubeide_1.7.0\stm32cubeide\plugins\com.st.stm32cube.ide.mcu.externaltools.gnu-tools-for-stm32.9-2020-q2-update.win32_2.0.0.202105311346\tools\arm-none-eabi\bin\ld.exe: C:/Users/ACER/STM32CubeIDE/workspace_1.7.0/Lab1/ex5/ex5/Debug/../Core/Src/main.c:189: undefined reference to `HAL_GPIO_WritenPin'
c:\st\stm32cubeide_1.7.0\stm32cubeide\plugins\com.st.stm32cube.ide.mcu.externaltools.gnu-tools-for-stm32.9-2020-q2-update.win32_2.0.0.202105311346\tools\arm-none-eabi\bin\ld.exe: ./Core/Src/main.o:C:/Users/ACER/STM32CubeIDE/workspace_1.7.0/Lab1/ex5/ex5/Debug/../Core/Src/main.c:190: more undefined references to `HAL_GPIO_WritenPin' follow
collect2.exe: error: ld returned 1 exit status
make: *** [makefile:68: ex5.elf] Error 1
"make -j12 all" terminated with exit code 2. Build might be incomplete.
22:44:07 **** Incremental Build of configuration Debug for project ex5 ****
make -j12 all 
arm-none-eabi-gcc "../Core/Src/main.c" -mcpu=cortex-m3 -std=gnu11 -g3 -DDEBUG -DUSE_HAL_DRIVER -DSTM32F103x6 -c -I../Core/Inc -I../Drivers/STM32F1xx_HAL_Driver/Inc -I../Drivers/STM32F1xx_HAL_Driver/Inc/Legacy -I../Drivers/CMSIS/Device/ST/STM32F1xx/Include -I../Drivers/CMSIS/Include -O0 -ffunction-sections -fdata-sections -Wall -fstack-usage -MMD -MP -MF"Core/Src/main.d" -MT"Core/Src/main.o" --specs=nano.specs -mfloat-abi=soft -mthumb -o "Core/Src/main.o"
../Core/Src/main.c: In function 'display7SEG1':
../Core/Src/main.c:103:1: warning: control reaches end of non-void function [-Wreturn-type]
  103 | }
      | ^
../Core/Src/main.c: In function 'display7SEG2':
../Core/Src/main.c:142:1: warning: control reaches end of non-void function [-Wreturn-type]
  142 | }
      | ^
arm-none-eabi-gcc -o "ex5.elf" @"objects.list"   -mcpu=cortex-m3 -T"C:\Users\ACER\STM32CubeIDE\workspace_1.7.0\Lab1\ex5\ex5\STM32F103C6UX_FLASH.ld" --specs=nosys.specs -Wl,-Map="ex5.map" -Wl,--gc-sections -static --specs=nano.specs -mfloat-abi=soft -mthumb -Wl,--start-group -lc -lm -Wl,--end-group
Finished building target: ex5.elf
 
arm-none-eabi-size   ex5.elf 
arm-none-eabi-objdump -h -S  ex5.elf  > "ex5.list"
arm-none-eabi-objcopy  -O ihex  ex5.elf  "ex5.hex"
arm-none-eabi-objcopy  -O binary  ex5.elf  "ex5.bin"
   text	   data	    bss	    dec	    hex	filename
   5340	     20	   1572	   6932	   1b14	ex5.elf
Finished building: default.size.stdout
 
Finished building: ex5.hex
Finished building: ex5.bin
Finished building: ex5.list
 
 
 
22:44:10 **** Incremental Build of configuration Debug for project ex5 ****
make -j12 all 
arm-none-eabi-size   ex5.elf 
   text	   data	    bss	    dec	    hex	filename
   5340	     20	   1572	   6932	   1b14	ex5.elf
Finished building: default.size.stdout
 
22:49:15 **** Incremental Build of configuration Debug for project ex5 ****
make -j12 all 
arm-none-eabi-gcc "../Core/Src/main.c" -mcpu=cortex-m3 -std=gnu11 -g3 -DDEBUG -DUSE_HAL_DRIVER -DSTM32F103x6 -c -I../Core/Inc -I../Drivers/STM32F1xx_HAL_Driver/Inc -I../Drivers/STM32F1xx_HAL_Driver/Inc/Legacy -I../Drivers/CMSIS/Device/ST/STM32F1xx/Include -I../Drivers/CMSIS/Include -O0 -ffunction-sections -fdata-sections -Wall -fstack-usage -MMD -MP -MF"Core/Src/main.d" -MT"Core/Src/main.o" --specs=nano.specs -mfloat-abi=soft -mthumb -o "Core/Src/main.o"
../Core/Src/main.c: In function 'display7SEG1':
../Core/Src/main.c:103:1: warning: control reaches end of non-void function [-Wreturn-type]
  103 | }
      | ^
../Core/Src/main.c: In function 'display7SEG2':
../Core/Src/main.c:142:1: warning: control reaches end of non-void function [-Wreturn-type]
  142 | }
      | ^
arm-none-eabi-gcc -o "ex5.elf" @"objects.list"   -mcpu=cortex-m3 -T"C:\Users\ACER\STM32CubeIDE\workspace_1.7.0\Lab1\ex5\ex5\STM32F103C6UX_FLASH.ld" --specs=nosys.specs -Wl,-Map="ex5.map" -Wl,--gc-sections -static --specs=nano.specs -mfloat-abi=soft -mthumb -Wl,--start-group -lc -lm -Wl,--end-group
Finished building target: ex5.elf
 
arm-none-eabi-size   ex5.elf 
arm-none-eabi-objdump -h -S  ex5.elf  > "ex5.list"
arm-none-eabi-objcopy  -O ihex  ex5.elf  "ex5.hex"
   text	   data	    bss	    dec	    hex	filename
   5344	     20	   1572	   6936	   1b18	ex5.elf
arm-none-eabi-objcopy  -O binary  ex5.elf  "ex5.bin"
Finished building: default.size.stdout
 
Finished building: ex5.hex
Finished building: ex5.bin
Finished building: ex5.list
 
 
 
23:30:21 **** Incremental Build of configuration Debug for project ex5 ****
make -j12 all 
arm-none-eabi-gcc "../Core/Src/main.c" -mcpu=cortex-m3 -std=gnu11 -g3 -DDEBUG -DUSE_HAL_DRIVER -DSTM32F103x6 -c -I../Core/Inc -I../Drivers/STM32F1xx_HAL_Driver/Inc -I../Drivers/STM32F1xx_HAL_Driver/Inc/Legacy -I../Drivers/CMSIS/Device/ST/STM32F1xx/Include -I../Drivers/CMSIS/Include -O0 -ffunction-sections -fdata-sections -Wall -fstack-usage -MMD -MP -MF"Core/Src/main.d" -MT"Core/Src/main.o" --specs=nano.specs -mfloat-abi=soft -mthumb -o "Core/Src/main.o"
../Core/Src/main.c: In function 'main':
../Core/Src/main.c:179:46: error: 'LED_YELLOW_1' undeclared (first use in this function); did you mean 'LED_YELLOW_1_Pin'?
  179 |    HAL_GPIO_WritePin(LED_YELLOW_1_GPIO_Port, LED_YELLOW_1,
      |                                              ^~~~~~~~~~~~
      |                                              LED_YELLOW_1_Pin
../Core/Src/main.c:179:46: note: each undeclared identifier is reported only once for each function it appears in
../Core/Src/main.c:181:45: error: 'LED_GREEN_1' undeclared (first use in this function); did you mean 'LED_GREEN_1_Pin'?
  181 |    HAL_GPIO_WritePin(LED_GREEN_1_GPIO_Port, LED_GREEN_1, GPIO_PIN_SET);
      |                                             ^~~~~~~~~~~
      |                                             LED_GREEN_1_Pin
../Core/Src/main.c:186:47: error: 'LED_YELLOW_2' undeclared (first use in this function); did you mean 'LED_YELLOW_2_Pin'?
  186 |     HAL_GPIO_WritePin(LED_YELLOW_2_GPIO_Port, LED_YELLOW_2,
      |                                               ^~~~~~~~~~~~
      |                                               LED_YELLOW_2_Pin
../Core/Src/main.c:188:5: warning: implicit declaration of function 'HAL_GPIO_WritePIn'; did you mean 'HAL_GPIO_WritePin'? [-Wimplicit-function-declaration]
  188 |     HAL_GPIO_WritePIn(LED_GREEN_2_GPIO_Port, LED_GREEN_2,
      |     ^~~~~~~~~~~~~~~~~
      |     HAL_GPIO_WritePin
../Core/Src/main.c:188:46: error: 'LED_GREEN_2' undeclared (first use in this function); did you mean 'LED_GREEN_2_Pin'?
  188 |     HAL_GPIO_WritePIn(LED_GREEN_2_GPIO_Port, LED_GREEN_2,
      |                                              ^~~~~~~~~~~
      |                                              LED_GREEN_2_Pin
../Core/Src/main.c:189:7: error: 'GPIIO_PIN_RESET' undeclared (first use in this function); did you mean 'GPIO_PIN_RESET'?
  189 |       GPIIO_PIN_RESET);
      |       ^~~~~~~~~~~~~~~
      |       GPIO_PIN_RESET
../Core/Src/main.c: In function 'display7SEG1':
../Core/Src/main.c:102:1: warning: control reaches end of non-void function [-Wreturn-type]
  102 | }
      | ^
../Core/Src/main.c: In function 'display7SEG2':
../Core/Src/main.c:140:1: warning: control reaches end of non-void function [-Wreturn-type]
  140 | }
      | ^
make: *** [Core/Src/subdir.mk:34: Core/Src/main.o] Error 1
"make -j12 all" terminated with exit code 2. Build might be incomplete.
23:30:39 **** Incremental Build of configuration Debug for project ex5 ****
make -j12 all 
arm-none-eabi-gcc "../Core/Src/main.c" -mcpu=cortex-m3 -std=gnu11 -g3 -DDEBUG -DUSE_HAL_DRIVER -DSTM32F103x6 -c -I../Core/Inc -I../Drivers/STM32F1xx_HAL_Driver/Inc -I../Drivers/STM32F1xx_HAL_Driver/Inc/Legacy -I../Drivers/CMSIS/Device/ST/STM32F1xx/Include -I../Drivers/CMSIS/Include -O0 -ffunction-sections -fdata-sections -Wall -fstack-usage -MMD -MP -MF"Core/Src/main.d" -MT"Core/Src/main.o" --specs=nano.specs -mfloat-abi=soft -mthumb -o "Core/Src/main.o"
../Core/Src/main.c: In function 'main':
../Core/Src/main.c:179:46: error: 'LED_YELLOW_1' undeclared (first use in this function); did you mean 'LED_YELLOW_1_Pin'?
  179 |    HAL_GPIO_WritePin(LED_YELLOW_1_GPIO_Port, LED_YELLOW_1,
      |                                              ^~~~~~~~~~~~
      |                                              LED_YELLOW_1_Pin
../Core/Src/main.c:179:46: note: each undeclared identifier is reported only once for each function it appears in
../Core/Src/main.c:181:45: error: 'LED_GREEN_1' undeclared (first use in this function); did you mean 'LED_GREEN_1_Pin'?
  181 |    HAL_GPIO_WritePin(LED_GREEN_1_GPIO_Port, LED_GREEN_1, GPIO_PIN_SET);
      |                                             ^~~~~~~~~~~
      |                                             LED_GREEN_1_Pin
../Core/Src/main.c:186:47: error: 'LED_YELLOW_2' undeclared (first use in this function); did you mean 'LED_YELLOW_2_Pin'?
  186 |     HAL_GPIO_WritePin(LED_YELLOW_2_GPIO_Port, LED_YELLOW_2,
      |                                               ^~~~~~~~~~~~
      |                                               LED_YELLOW_2_Pin
../Core/Src/main.c:188:5: warning: implicit declaration of function 'HAL_GPIO_WritePIn'; did you mean 'HAL_GPIO_WritePin'? [-Wimplicit-function-declaration]
  188 |     HAL_GPIO_WritePIn(LED_GREEN_2_GPIO_Port, LED_GREEN_2,
      |     ^~~~~~~~~~~~~~~~~
      |     HAL_GPIO_WritePin
../Core/Src/main.c:188:46: error: 'LED_GREEN_2' undeclared (first use in this function); did you mean 'LED_GREEN_2_Pin'?
  188 |     HAL_GPIO_WritePIn(LED_GREEN_2_GPIO_Port, LED_GREEN_2,
      |                                              ^~~~~~~~~~~
      |                                              LED_GREEN_2_Pin
../Core/Src/main.c: In function 'display7SEG1':
../Core/Src/main.c:102:1: warning: control reaches end of non-void function [-Wreturn-type]
  102 | }
      | ^
../Core/Src/main.c: In function 'display7SEG2':
../Core/Src/main.c:140:1: warning: control reaches end of non-void function [-Wreturn-type]
  140 | }
      | ^
make: *** [Core/Src/subdir.mk:34: Core/Src/main.o] Error 1
"make -j12 all" terminated with exit code 2. Build might be incomplete.
23:31:30 **** Incremental Build of configuration Debug for project ex5 ****
make -j12 all 
arm-none-eabi-gcc "../Core/Src/main.c" -mcpu=cortex-m3 -std=gnu11 -g3 -DDEBUG -DUSE_HAL_DRIVER -DSTM32F103x6 -c -I../Core/Inc -I../Drivers/STM32F1xx_HAL_Driver/Inc -I../Drivers/STM32F1xx_HAL_Driver/Inc/Legacy -I../Drivers/CMSIS/Device/ST/STM32F1xx/Include -I../Drivers/CMSIS/Include -O0 -ffunction-sections -fdata-sections -Wall -fstack-usage -MMD -MP -MF"Core/Src/main.d" -MT"Core/Src/main.o" --specs=nano.specs -mfloat-abi=soft -mthumb -o "Core/Src/main.o"
../Core/Src/main.c: In function 'main':
../Core/Src/main.c:188:5: warning: implicit declaration of function 'HAL_GPIO_WritePIn'; did you mean 'HAL_GPIO_WritePin'? [-Wimplicit-function-declaration]
  188 |     HAL_GPIO_WritePIn(LED_GREEN_2_GPIO_Port, LED_GREEN_2_Pin,
      |     ^~~~~~~~~~~~~~~~~
      |     HAL_GPIO_WritePin
../Core/Src/main.c: In function 'display7SEG1':
../Core/Src/main.c:102:1: warning: control reaches end of non-void function [-Wreturn-type]
  102 | }
      | ^
../Core/Src/main.c: In function 'display7SEG2':
../Core/Src/main.c:140:1: warning: control reaches end of non-void function [-Wreturn-type]
  140 | }
      | ^
arm-none-eabi-gcc -o "ex5.elf" @"objects.list"   -mcpu=cortex-m3 -T"C:\Users\ACER\STM32CubeIDE\workspace_1.7.0\Lab1\ex5\ex5\STM32F103C6UX_FLASH.ld" --specs=nosys.specs -Wl,-Map="ex5.map" -Wl,--gc-sections -static --specs=nano.specs -mfloat-abi=soft -mthumb -Wl,--start-group -lc -lm -Wl,--end-group
c:\st\stm32cubeide_1.7.0\stm32cubeide\plugins\com.st.stm32cube.ide.mcu.externaltools.gnu-tools-for-stm32.9-2020-q2-update.win32_2.0.0.202105311346\tools\arm-none-eabi\bin\ld.exe: ./Core/Src/main.o: in function `main':
C:/Users/ACER/STM32CubeIDE/workspace_1.7.0/Lab1/ex5/ex5/Debug/../Core/Src/main.c:188: undefined reference to `HAL_GPIO_WritePIn'
collect2.exe: error: ld returned 1 exit status
make: *** [makefile:68: ex5.elf] Error 1
"make -j12 all" terminated with exit code 2. Build might be incomplete.
23:31:51 **** Incremental Build of configuration Debug for project ex5 ****
make -j12 all 
arm-none-eabi-gcc "../Core/Src/main.c" -mcpu=cortex-m3 -std=gnu11 -g3 -DDEBUG -DUSE_HAL_DRIVER -DSTM32F103x6 -c -I../Core/Inc -I../Drivers/STM32F1xx_HAL_Driver/Inc -I../Drivers/STM32F1xx_HAL_Driver/Inc/Legacy -I../Drivers/CMSIS/Device/ST/STM32F1xx/Include -I../Drivers/CMSIS/Include -O0 -ffunction-sections -fdata-sections -Wall -fstack-usage -MMD -MP -MF"Core/Src/main.d" -MT"Core/Src/main.o" --specs=nano.specs -mfloat-abi=soft -mthumb -o "Core/Src/main.o"
../Core/Src/main.c: In function 'display7SEG2':
../Core/Src/main.c:140:1: warning: no return statement in function returning non-void [-Wreturn-type]
  140 | }
      | ^
../Core/Src/main.c: In function 'display7SEG1':
../Core/Src/main.c:141:5: warning: 'main' is normally a non-static function [-Wmain]
  141 | int main(void) {
      |     ^~~~
../Core/Src/main.c: In function 'main':
../Core/Src/main.c:188:5: warning: implicit declaration of function 'HAL_GPIO_WritePIn'; did you mean 'HAL_GPIO_WritePin'? [-Wimplicit-function-declaration]
  188 |     HAL_GPIO_WritePIn(LED_GREEN_2_GPIO_Port, LED_GREEN_2_Pin,
      |     ^~~~~~~~~~~~~~~~~
      |     HAL_GPIO_WritePin
../Core/Src/main.c: In function 'display7SEG1':
../Core/Src/main.c:272:13: error: invalid storage class for function 'MX_GPIO_Init'
  272 | static void MX_GPIO_Init(void) {
      |             ^~~~~~~~~~~~
../Core/Src/main.c:328:1: error: expected declaration or statement at end of input
  328 | }
      | ^
../Core/Src/main.c: At top level:
../Core/Src/main.c:50:13: warning: 'MX_GPIO_Init' used but never defined
   50 | static void MX_GPIO_Init(void);
      |             ^~~~~~~~~~~~
../Core/Src/main.c: In function 'display7SEG1':
../Core/Src/main.c:348: warning: control reaches end of non-void function [-Wreturn-type]
At top level:
../Core/Src/main.c:321:6: warning: 'Error_Handler' defined but not used [-Wunused-function]
  321 | void Error_Handler(void) {
      |      ^~~~~~~~~~~~~
../Core/Src/main.c:272:13: warning: 'MX_GPIO_Init' defined but not used [-Wunused-function]
  272 | static void MX_GPIO_Init(void) {
      |             ^~~~~~~~~~~~
../Core/Src/main.c:239:6: warning: 'SystemClock_Config' defined but not used [-Wunused-function]
  239 | void SystemClock_Config(void) {
      |      ^~~~~~~~~~~~~~~~~~
../Core/Src/main.c:141:5: warning: 'main' defined but not used [-Wunused-function]
  141 | int main(void) {
      |     ^~~~
make: *** [Core/Src/subdir.mk:34: Core/Src/main.o] Error 1
"make -j12 all" terminated with exit code 2. Build might be incomplete.
23:32:37 **** Incremental Build of configuration Debug for project ex5 ****
make -j12 all 
arm-none-eabi-gcc "../Core/Src/main.c" -mcpu=cortex-m3 -std=gnu11 -g3 -DDEBUG -DUSE_HAL_DRIVER -DSTM32F103x6 -c -I../Core/Inc -I../Drivers/STM32F1xx_HAL_Driver/Inc -I../Drivers/STM32F1xx_HAL_Driver/Inc/Legacy -I../Drivers/CMSIS/Device/ST/STM32F1xx/Include -I../Drivers/CMSIS/Include -O0 -ffunction-sections -fdata-sections -Wall -fstack-usage -MMD -MP -MF"Core/Src/main.d" -MT"Core/Src/main.o" --specs=nano.specs -mfloat-abi=soft -mthumb -o "Core/Src/main.o"
../Core/Src/main.c: In function 'display7SEG2':
../Core/Src/main.c:140:1: warning: no return statement in function returning non-void [-Wreturn-type]
  140 | }
      | ^
../Core/Src/main.c: In function 'display7SEG1':
../Core/Src/main.c:141:5: warning: 'main' is normally a non-static function [-Wmain]
  141 | int main(void) {
      |     ^~~~
../Core/Src/main.c:272:13: error: invalid storage class for function 'MX_GPIO_Init'
  272 | static void MX_GPIO_Init(void) {
      |             ^~~~~~~~~~~~
../Core/Src/main.c:328:1: error: expected declaration or statement at end of input
  328 | }
      | ^
../Core/Src/main.c: At top level:
../Core/Src/main.c:50:13: warning: 'MX_GPIO_Init' used but never defined
   50 | static void MX_GPIO_Init(void);
      |             ^~~~~~~~~~~~
../Core/Src/main.c: In function 'display7SEG1':
../Core/Src/main.c:348: warning: control reaches end of non-void function [-Wreturn-type]
At top level:
../Core/Src/main.c:321:6: warning: 'Error_Handler' defined but not used [-Wunused-function]
  321 | void Error_Handler(void) {
      |      ^~~~~~~~~~~~~
../Core/Src/main.c:272:13: warning: 'MX_GPIO_Init' defined but not used [-Wunused-function]
  272 | static void MX_GPIO_Init(void) {
      |             ^~~~~~~~~~~~
../Core/Src/main.c:239:6: warning: 'SystemClock_Config' defined but not used [-Wunused-function]
  239 | void SystemClock_Config(void) {
      |      ^~~~~~~~~~~~~~~~~~
../Core/Src/main.c:141:5: warning: 'main' defined but not used [-Wunused-function]
  141 | int main(void) {
      |     ^~~~
make: *** [Core/Src/subdir.mk:34: Core/Src/main.o] Error 1
"make -j12 all" terminated with exit code 2. Build might be incomplete.
23:32:51 **** Incremental Build of configuration Debug for project ex5 ****
make -j12 all 
arm-none-eabi-gcc "../Core/Src/main.c" -mcpu=cortex-m3 -std=gnu11 -g3 -DDEBUG -DUSE_HAL_DRIVER -DSTM32F103x6 -c -I../Core/Inc -I../Drivers/STM32F1xx_HAL_Driver/Inc -I../Drivers/STM32F1xx_HAL_Driver/Inc/Legacy -I../Drivers/CMSIS/Device/ST/STM32F1xx/Include -I../Drivers/CMSIS/Include -O0 -ffunction-sections -fdata-sections -Wall -fstack-usage -MMD -MP -MF"Core/Src/main.d" -MT"Core/Src/main.o" --specs=nano.specs -mfloat-abi=soft -mthumb -o "Core/Src/main.o"
../Core/Src/main.c: In function 'display7SEG2':
../Core/Src/main.c:140:1: warning: no return statement in function returning non-void [-Wreturn-type]
  140 | }
      | ^
../Core/Src/main.c: In function 'display7SEG1':
../Core/Src/main.c:141:5: warning: 'main' is normally a non-static function [-Wmain]
  141 | int main(void) {
      |     ^~~~
../Core/Src/main.c:272:13: error: invalid storage class for function 'MX_GPIO_Init'
  272 | static void MX_GPIO_Init(void) {
      |             ^~~~~~~~~~~~
../Core/Src/main.c: In function 'Error_Handler':
../Core/Src/main.c:326:2: error: expected declaration or statement at end of input
  326 |  }
      |  ^
../Core/Src/main.c: In function 'display7SEG1':
../Core/Src/main.c:326:2: error: expected declaration or statement at end of input
../Core/Src/main.c: At top level:
../Core/Src/main.c:50:13: warning: 'MX_GPIO_Init' used but never defined
   50 | static void MX_GPIO_Init(void);
      |             ^~~~~~~~~~~~
../Core/Src/main.c: In function 'display7SEG1':
../Core/Src/main.c:347: warning: control reaches end of non-void function [-Wreturn-type]
At top level:
../Core/Src/main.c:321:6: warning: 'Error_Handler' defined but not used [-Wunused-function]
  321 | void Error_Handler(void) {
      |      ^~~~~~~~~~~~~
../Core/Src/main.c:272:13: warning: 'MX_GPIO_Init' defined but not used [-Wunused-function]
  272 | static void MX_GPIO_Init(void) {
      |             ^~~~~~~~~~~~
../Core/Src/main.c:239:6: warning: 'SystemClock_Config' defined but not used [-Wunused-function]
  239 | void SystemClock_Config(void) {
      |      ^~~~~~~~~~~~~~~~~~
../Core/Src/main.c:141:5: warning: 'main' defined but not used [-Wunused-function]
  141 | int main(void) {
      |     ^~~~
make: *** [Core/Src/subdir.mk:34: Core/Src/main.o] Error 1
"make -j12 all" terminated with exit code 2. Build might be incomplete.
23:35:06 **** Incremental Build of configuration Debug for project ex5 ****
make -j12 all 
arm-none-eabi-gcc "../Core/Src/main.c" -mcpu=cortex-m3 -std=gnu11 -g3 -DDEBUG -DUSE_HAL_DRIVER -DSTM32F103x6 -c -I../Core/Inc -I../Drivers/STM32F1xx_HAL_Driver/Inc -I../Drivers/STM32F1xx_HAL_Driver/Inc/Legacy -I../Drivers/CMSIS/Device/ST/STM32F1xx/Include -I../Drivers/CMSIS/Include -O0 -ffunction-sections -fdata-sections -Wall -fstack-usage -MMD -MP -MF"Core/Src/main.d" -MT"Core/Src/main.o" --specs=nano.specs -mfloat-abi=soft -mthumb -o "Core/Src/main.o"
../Core/Src/main.c: In function 'display7SEG2':
../Core/Src/main.c:140:1: warning: no return statement in function returning non-void [-Wreturn-type]
  140 | }
      | ^
../Core/Src/main.c: In function 'display7SEG1':
../Core/Src/main.c:141:5: warning: 'main' is normally a non-static function [-Wmain]
  141 | int main(void) {
      |     ^~~~
../Core/Src/main.c: In function 'main':
../Core/Src/main.c:172:3: warning: this 'if' clause does not guard... [-Wmisleading-indentation]
  172 |   if (counter >= 0)
      |   ^~
../Core/Src/main.c:174:4: note: ...this statement, but the latter is misleadingly indented as if it were guarded by the 'if'
  174 |    display7SEG1(counter);
      |    ^~~~~~~~~~~~
../Core/Src/main.c: In function 'Error_Handler':
../Core/Src/main.c:327:2: error: expected declaration or statement at end of input
  327 |  }
      |  ^
../Core/Src/main.c: In function 'display7SEG1':
../Core/Src/main.c:234:1: warning: control reaches end of non-void function [-Wreturn-type]
  234 | }
      | ^
At top level:
../Core/Src/main.c:141:5: warning: 'main' defined but not used [-Wunused-function]
  141 | int main(void) {
      |     ^~~~
make: *** [Core/Src/subdir.mk:34: Core/Src/main.o] Error 1
"make -j12 all" terminated with exit code 2. Build might be incomplete.
23:35:58 **** Incremental Build of configuration Debug for project ex5 ****
make -j12 all 
arm-none-eabi-gcc "../Core/Src/main.c" -mcpu=cortex-m3 -std=gnu11 -g3 -DDEBUG -DUSE_HAL_DRIVER -DSTM32F103x6 -c -I../Core/Inc -I../Drivers/STM32F1xx_HAL_Driver/Inc -I../Drivers/STM32F1xx_HAL_Driver/Inc/Legacy -I../Drivers/CMSIS/Device/ST/STM32F1xx/Include -I../Drivers/CMSIS/Include -O0 -ffunction-sections -fdata-sections -Wall -fstack-usage -MMD -MP -MF"Core/Src/main.d" -MT"Core/Src/main.o" --specs=nano.specs -mfloat-abi=soft -mthumb -o "Core/Src/main.o"
../Core/Src/main.c: In function 'display7SEG2':
../Core/Src/main.c:140:1: warning: no return statement in function returning non-void [-Wreturn-type]
  140 | }
      | ^
../Core/Src/main.c: In function 'display7SEG1':
../Core/Src/main.c:141:5: warning: 'main' is normally a non-static function [-Wmain]
  141 | int main(void) {
      |     ^~~~
../Core/Src/main.c: In function 'main':
../Core/Src/main.c:172:3: warning: this 'if' clause does not guard... [-Wmisleading-indentation]
  172 |   if (counter >= 0)
      |   ^~
../Core/Src/main.c:174:4: note: ...this statement, but the latter is misleadingly indented as if it were guarded by the 'if'
  174 |    display7SEG1(counter--);
      |    ^~~~~~~~~~~~
../Core/Src/main.c: In function 'Error_Handler':
../Core/Src/main.c:327:2: error: expected declaration or statement at end of input
  327 |  }
      |  ^
../Core/Src/main.c: In function 'display7SEG1':
../Core/Src/main.c:234:1: warning: control reaches end of non-void function [-Wreturn-type]
  234 | }
      | ^
At top level:
../Core/Src/main.c:141:5: warning: 'main' defined but not used [-Wunused-function]
  141 | int main(void) {
      |     ^~~~
make: *** [Core/Src/subdir.mk:34: Core/Src/main.o] Error 1
"make -j12 all" terminated with exit code 2. Build might be incomplete.
23:39:51 **** Incremental Build of configuration Debug for project ex5 ****
make -j12 all 
arm-none-eabi-gcc "../Drivers/STM32F1xx_HAL_Driver/Src/stm32f1xx_hal.c" -mcpu=cortex-m3 -std=gnu11 -g3 -DDEBUG -DUSE_HAL_DRIVER -DSTM32F103x6 -c -I../Core/Inc -I../Drivers/STM32F1xx_HAL_Driver/Inc -I../Drivers/STM32F1xx_HAL_Driver/Inc/Legacy -I../Drivers/CMSIS/Device/ST/STM32F1xx/Include -I../Drivers/CMSIS/Include -O0 -ffunction-sections -fdata-sections -Wall -fstack-usage -MMD -MP -MF"Drivers/STM32F1xx_HAL_Driver/Src/stm32f1xx_hal.d" -MT"Drivers/STM32F1xx_HAL_Driver/Src/stm32f1xx_hal.o" --specs=nano.specs -mfloat-abi=soft -mthumb -o "Drivers/STM32F1xx_HAL_Driver/Src/stm32f1xx_hal.o"
arm-none-eabi-gcc "../Drivers/STM32F1xx_HAL_Driver/Src/stm32f1xx_hal_cortex.c" -mcpu=cortex-m3 -std=gnu11 -g3 -DDEBUG -DUSE_HAL_DRIVER -DSTM32F103x6 -c -I../Core/Inc -I../Drivers/STM32F1xx_HAL_Driver/Inc -I../Drivers/STM32F1xx_HAL_Driver/Inc/Legacy -I../Drivers/CMSIS/Device/ST/STM32F1xx/Include -I../Drivers/CMSIS/Include -O0 -ffunction-sections -fdata-sections -Wall -fstack-usage -MMD -MP -MF"Drivers/STM32F1xx_HAL_Driver/Src/stm32f1xx_hal_cortex.d" -MT"Drivers/STM32F1xx_HAL_Driver/Src/stm32f1xx_hal_cortex.o" --specs=nano.specs -mfloat-abi=soft -mthumb -o "Drivers/STM32F1xx_HAL_Driver/Src/stm32f1xx_hal_cortex.o"
arm-none-eabi-gcc "../Drivers/STM32F1xx_HAL_Driver/Src/stm32f1xx_hal_dma.c" -mcpu=cortex-m3 -std=gnu11 -g3 -DDEBUG -DUSE_HAL_DRIVER -DSTM32F103x6 -c -I../Core/Inc -I../Drivers/STM32F1xx_HAL_Driver/Inc -I../Drivers/STM32F1xx_HAL_Driver/Inc/Legacy -I../Drivers/CMSIS/Device/ST/STM32F1xx/Include -I../Drivers/CMSIS/Include -O0 -ffunction-sections -fdata-sections -Wall -fstack-usage -MMD -MP -MF"Drivers/STM32F1xx_HAL_Driver/Src/stm32f1xx_hal_dma.d" -MT"Drivers/STM32F1xx_HAL_Driver/Src/stm32f1xx_hal_dma.o" --specs=nano.specs -mfloat-abi=soft -mthumb -o "Drivers/STM32F1xx_HAL_Driver/Src/stm32f1xx_hal_dma.o"
arm-none-eabi-gcc "../Drivers/STM32F1xx_HAL_Driver/Src/stm32f1xx_hal_exti.c" -mcpu=cortex-m3 -std=gnu11 -g3 -DDEBUG -DUSE_HAL_DRIVER -DSTM32F103x6 -c -I../Core/Inc -I../Drivers/STM32F1xx_HAL_Driver/Inc -I../Drivers/STM32F1xx_HAL_Driver/Inc/Legacy -I../Drivers/CMSIS/Device/ST/STM32F1xx/Include -I../Drivers/CMSIS/Include -O0 -ffunction-sections -fdata-sections -Wall -fstack-usage -MMD -MP -MF"Drivers/STM32F1xx_HAL_Driver/Src/stm32f1xx_hal_exti.d" -MT"Drivers/STM32F1xx_HAL_Driver/Src/stm32f1xx_hal_exti.o" --specs=nano.specs -mfloat-abi=soft -mthumb -o "Drivers/STM32F1xx_HAL_Driver/Src/stm32f1xx_hal_exti.o"
arm-none-eabi-gcc "../Drivers/STM32F1xx_HAL_Driver/Src/stm32f1xx_hal_flash.c" -mcpu=cortex-m3 -std=gnu11 -g3 -DDEBUG -DUSE_HAL_DRIVER -DSTM32F103x6 -c -I../Core/Inc -I../Drivers/STM32F1xx_HAL_Driver/Inc -I../Drivers/STM32F1xx_HAL_Driver/Inc/Legacy -I../Drivers/CMSIS/Device/ST/STM32F1xx/Include -I../Drivers/CMSIS/Include -O0 -ffunction-sections -fdata-sections -Wall -fstack-usage -MMD -MP -MF"Drivers/STM32F1xx_HAL_Driver/Src/stm32f1xx_hal_flash.d" -MT"Drivers/STM32F1xx_HAL_Driver/Src/stm32f1xx_hal_flash.o" --specs=nano.specs -mfloat-abi=soft -mthumb -o "Drivers/STM32F1xx_HAL_Driver/Src/stm32f1xx_hal_flash.o"
arm-none-eabi-gcc "../Drivers/STM32F1xx_HAL_Driver/Src/stm32f1xx_hal_flash_ex.c" -mcpu=cortex-m3 -std=gnu11 -g3 -DDEBUG -DUSE_HAL_DRIVER -DSTM32F103x6 -c -I../Core/Inc -I../Drivers/STM32F1xx_HAL_Driver/Inc -I../Drivers/STM32F1xx_HAL_Driver/Inc/Legacy -I../Drivers/CMSIS/Device/ST/STM32F1xx/Include -I../Drivers/CMSIS/Include -O0 -ffunction-sections -fdata-sections -Wall -fstack-usage -MMD -MP -MF"Drivers/STM32F1xx_HAL_Driver/Src/stm32f1xx_hal_flash_ex.d" -MT"Drivers/STM32F1xx_HAL_Driver/Src/stm32f1xx_hal_flash_ex.o" --specs=nano.specs -mfloat-abi=soft -mthumb -o "Drivers/STM32F1xx_HAL_Driver/Src/stm32f1xx_hal_flash_ex.o"
arm-none-eabi-gcc "../Drivers/STM32F1xx_HAL_Driver/Src/stm32f1xx_hal_gpio.c" -mcpu=cortex-m3 -std=gnu11 -g3 -DDEBUG -DUSE_HAL_DRIVER -DSTM32F103x6 -c -I../Core/Inc -I../Drivers/STM32F1xx_HAL_Driver/Inc -I../Drivers/STM32F1xx_HAL_Driver/Inc/Legacy -I../Drivers/CMSIS/Device/ST/STM32F1xx/Include -I../Drivers/CMSIS/Include -O0 -ffunction-sections -fdata-sections -Wall -fstack-usage -MMD -MP -MF"Drivers/STM32F1xx_HAL_Driver/Src/stm32f1xx_hal_gpio.d" -MT"Drivers/STM32F1xx_HAL_Driver/Src/stm32f1xx_hal_gpio.o" --specs=nano.specs -mfloat-abi=soft -mthumb -o "Drivers/STM32F1xx_HAL_Driver/Src/stm32f1xx_hal_gpio.o"
arm-none-eabi-gcc "../Drivers/STM32F1xx_HAL_Driver/Src/stm32f1xx_hal_gpio_ex.c" -mcpu=cortex-m3 -std=gnu11 -g3 -DDEBUG -DUSE_HAL_DRIVER -DSTM32F103x6 -c -I../Core/Inc -I../Drivers/STM32F1xx_HAL_Driver/Inc -I../Drivers/STM32F1xx_HAL_Driver/Inc/Legacy -I../Drivers/CMSIS/Device/ST/STM32F1xx/Include -I../Drivers/CMSIS/Include -O0 -ffunction-sections -fdata-sections -Wall -fstack-usage -MMD -MP -MF"Drivers/STM32F1xx_HAL_Driver/Src/stm32f1xx_hal_gpio_ex.d" -MT"Drivers/STM32F1xx_HAL_Driver/Src/stm32f1xx_hal_gpio_ex.o" --specs=nano.specs -mfloat-abi=soft -mthumb -o "Drivers/STM32F1xx_HAL_Driver/Src/stm32f1xx_hal_gpio_ex.o"
arm-none-eabi-gcc "../Drivers/STM32F1xx_HAL_Driver/Src/stm32f1xx_hal_pwr.c" -mcpu=cortex-m3 -std=gnu11 -g3 -DDEBUG -DUSE_HAL_DRIVER -DSTM32F103x6 -c -I../Core/Inc -I../Drivers/STM32F1xx_HAL_Driver/Inc -I../Drivers/STM32F1xx_HAL_Driver/Inc/Legacy -I../Drivers/CMSIS/Device/ST/STM32F1xx/Include -I../Drivers/CMSIS/Include -O0 -ffunction-sections -fdata-sections -Wall -fstack-usage -MMD -MP -MF"Drivers/STM32F1xx_HAL_Driver/Src/stm32f1xx_hal_pwr.d" -MT"Drivers/STM32F1xx_HAL_Driver/Src/stm32f1xx_hal_pwr.o" --specs=nano.specs -mfloat-abi=soft -mthumb -o "Drivers/STM32F1xx_HAL_Driver/Src/stm32f1xx_hal_pwr.o"
arm-none-eabi-gcc "../Drivers/STM32F1xx_HAL_Driver/Src/stm32f1xx_hal_rcc.c" -mcpu=cortex-m3 -std=gnu11 -g3 -DDEBUG -DUSE_HAL_DRIVER -DSTM32F103x6 -c -I../Core/Inc -I../Drivers/STM32F1xx_HAL_Driver/Inc -I../Drivers/STM32F1xx_HAL_Driver/Inc/Legacy -I../Drivers/CMSIS/Device/ST/STM32F1xx/Include -I../Drivers/CMSIS/Include -O0 -ffunction-sections -fdata-sections -Wall -fstack-usage -MMD -MP -MF"Drivers/STM32F1xx_HAL_Driver/Src/stm32f1xx_hal_rcc.d" -MT"Drivers/STM32F1xx_HAL_Driver/Src/stm32f1xx_hal_rcc.o" --specs=nano.specs -mfloat-abi=soft -mthumb -o "Drivers/STM32F1xx_HAL_Driver/Src/stm32f1xx_hal_rcc.o"
arm-none-eabi-gcc "../Drivers/STM32F1xx_HAL_Driver/Src/stm32f1xx_hal_rcc_ex.c" -mcpu=cortex-m3 -std=gnu11 -g3 -DDEBUG -DUSE_HAL_DRIVER -DSTM32F103x6 -c -I../Core/Inc -I../Drivers/STM32F1xx_HAL_Driver/Inc -I../Drivers/STM32F1xx_HAL_Driver/Inc/Legacy -I../Drivers/CMSIS/Device/ST/STM32F1xx/Include -I../Drivers/CMSIS/Include -O0 -ffunction-sections -fdata-sections -Wall -fstack-usage -MMD -MP -MF"Drivers/STM32F1xx_HAL_Driver/Src/stm32f1xx_hal_rcc_ex.d" -MT"Drivers/STM32F1xx_HAL_Driver/Src/stm32f1xx_hal_rcc_ex.o" --specs=nano.specs -mfloat-abi=soft -mthumb -o "Drivers/STM32F1xx_HAL_Driver/Src/stm32f1xx_hal_rcc_ex.o"
arm-none-eabi-gcc "../Drivers/STM32F1xx_HAL_Driver/Src/stm32f1xx_hal_tim.c" -mcpu=cortex-m3 -std=gnu11 -g3 -DDEBUG -DUSE_HAL_DRIVER -DSTM32F103x6 -c -I../Core/Inc -I../Drivers/STM32F1xx_HAL_Driver/Inc -I../Drivers/STM32F1xx_HAL_Driver/Inc/Legacy -I../Drivers/CMSIS/Device/ST/STM32F1xx/Include -I../Drivers/CMSIS/Include -O0 -ffunction-sections -fdata-sections -Wall -fstack-usage -MMD -MP -MF"Drivers/STM32F1xx_HAL_Driver/Src/stm32f1xx_hal_tim.d" -MT"Drivers/STM32F1xx_HAL_Driver/Src/stm32f1xx_hal_tim.o" --specs=nano.specs -mfloat-abi=soft -mthumb -o "Drivers/STM32F1xx_HAL_Driver/Src/stm32f1xx_hal_tim.o"
arm-none-eabi-gcc "../Drivers/STM32F1xx_HAL_Driver/Src/stm32f1xx_hal_tim_ex.c" -mcpu=cortex-m3 -std=gnu11 -g3 -DDEBUG -DUSE_HAL_DRIVER -DSTM32F103x6 -c -I../Core/Inc -I../Drivers/STM32F1xx_HAL_Driver/Inc -I../Drivers/STM32F1xx_HAL_Driver/Inc/Legacy -I../Drivers/CMSIS/Device/ST/STM32F1xx/Include -I../Drivers/CMSIS/Include -O0 -ffunction-sections -fdata-sections -Wall -fstack-usage -MMD -MP -MF"Drivers/STM32F1xx_HAL_Driver/Src/stm32f1xx_hal_tim_ex.d" -MT"Drivers/STM32F1xx_HAL_Driver/Src/stm32f1xx_hal_tim_ex.o" --specs=nano.specs -mfloat-abi=soft -mthumb -o "Drivers/STM32F1xx_HAL_Driver/Src/stm32f1xx_hal_tim_ex.o"
arm-none-eabi-gcc "../Core/Src/main.c" -mcpu=cortex-m3 -std=gnu11 -g3 -DDEBUG -DUSE_HAL_DRIVER -DSTM32F103x6 -c -I../Core/Inc -I../Drivers/STM32F1xx_HAL_Driver/Inc -I../Drivers/STM32F1xx_HAL_Driver/Inc/Legacy -I../Drivers/CMSIS/Device/ST/STM32F1xx/Include -I../Drivers/CMSIS/Include -O0 -ffunction-sections -fdata-sections -Wall -fstack-usage -MMD -MP -MF"Core/Src/main.d" -MT"Core/Src/main.o" --specs=nano.specs -mfloat-abi=soft -mthumb -o "Core/Src/main.o"
arm-none-eabi-gcc "../Core/Src/stm32f1xx_hal_msp.c" -mcpu=cortex-m3 -std=gnu11 -g3 -DDEBUG -DUSE_HAL_DRIVER -DSTM32F103x6 -c -I../Core/Inc -I../Drivers/STM32F1xx_HAL_Driver/Inc -I../Drivers/STM32F1xx_HAL_Driver/Inc/Legacy -I../Drivers/CMSIS/Device/ST/STM32F1xx/Include -I../Drivers/CMSIS/Include -O0 -ffunction-sections -fdata-sections -Wall -fstack-usage -MMD -MP -MF"Core/Src/stm32f1xx_hal_msp.d" -MT"Core/Src/stm32f1xx_hal_msp.o" --specs=nano.specs -mfloat-abi=soft -mthumb -o "Core/Src/stm32f1xx_hal_msp.o"
arm-none-eabi-gcc "../Core/Src/stm32f1xx_it.c" -mcpu=cortex-m3 -std=gnu11 -g3 -DDEBUG -DUSE_HAL_DRIVER -DSTM32F103x6 -c -I../Core/Inc -I../Drivers/STM32F1xx_HAL_Driver/Inc -I../Drivers/STM32F1xx_HAL_Driver/Inc/Legacy -I../Drivers/CMSIS/Device/ST/STM32F1xx/Include -I../Drivers/CMSIS/Include -O0 -ffunction-sections -fdata-sections -Wall -fstack-usage -MMD -MP -MF"Core/Src/stm32f1xx_it.d" -MT"Core/Src/stm32f1xx_it.o" --specs=nano.specs -mfloat-abi=soft -mthumb -o "Core/Src/stm32f1xx_it.o"
arm-none-eabi-gcc "../Core/Src/system_stm32f1xx.c" -mcpu=cortex-m3 -std=gnu11 -g3 -DDEBUG -DUSE_HAL_DRIVER -DSTM32F103x6 -c -I../Core/Inc -I../Drivers/STM32F1xx_HAL_Driver/Inc -I../Drivers/STM32F1xx_HAL_Driver/Inc/Legacy -I../Drivers/CMSIS/Device/ST/STM32F1xx/Include -I../Drivers/CMSIS/Include -O0 -ffunction-sections -fdata-sections -Wall -fstack-usage -MMD -MP -MF"Core/Src/system_stm32f1xx.d" -MT"Core/Src/system_stm32f1xx.o" --specs=nano.specs -mfloat-abi=soft -mthumb -o "Core/Src/system_stm32f1xx.o"
../Core/Src/main.c: In function 'main':
../Core/Src/main.c:270:14: error: invalid storage class for function 'MX_GPIO_Init'
  270 |  static void MX_GPIO_Init(void) {
      |              ^~~~~~~~~~~~
../Core/Src/main.c:327:2: error: expected declaration or statement at end of input
  327 |  }
      |  ^
../Core/Src/main.c: At top level:
../Core/Src/main.c:50:13: warning: 'MX_GPIO_Init' used but never defined
   50 | static void MX_GPIO_Init(void);
      |             ^~~~~~~~~~~~
../Core/Src/main.c: In function 'display7SEG1':
../Core/Src/main.c:102:1: warning: control reaches end of non-void function [-Wreturn-type]
  102 | }
      | ^
../Core/Src/main.c: In function 'display7SEG2':
../Core/Src/main.c:140:1: warning: control reaches end of non-void function [-Wreturn-type]
  140 | }
      | ^
At top level:
../Core/Src/main.c:320:7: warning: 'Error_Handler' defined but not used [-Wunused-function]
  320 |  void Error_Handler(void) {
      |       ^~~~~~~~~~~~~
../Core/Src/main.c:270:14: warning: 'MX_GPIO_Init' defined but not used [-Wunused-function]
  270 |  static void MX_GPIO_Init(void) {
      |              ^~~~~~~~~~~~
../Core/Src/main.c:236:7: warning: 'SystemClock_Config' defined but not used [-Wunused-function]
  236 |  void SystemClock_Config(void) {
      |       ^~~~~~~~~~~~~~~~~~
make: *** [Core/Src/subdir.mk:34: Core/Src/main.o] Error 1
make: *** Waiting for unfinished jobs....
"make -j12 all" terminated with exit code 2. Build might be incomplete.
23:42:23 **** Incremental Build of configuration Debug for project ex5 ****
make -j12 all 
arm-none-eabi-gcc "../Core/Src/main.c" -mcpu=cortex-m3 -std=gnu11 -g3 -DDEBUG -DUSE_HAL_DRIVER -DSTM32F103x6 -c -I../Core/Inc -I../Drivers/STM32F1xx_HAL_Driver/Inc -I../Drivers/STM32F1xx_HAL_Driver/Inc/Legacy -I../Drivers/CMSIS/Device/ST/STM32F1xx/Include -I../Drivers/CMSIS/Include -O0 -ffunction-sections -fdata-sections -Wall -fstack-usage -MMD -MP -MF"Core/Src/main.d" -MT"Core/Src/main.o" --specs=nano.specs -mfloat-abi=soft -mthumb -o "Core/Src/main.o"
../Core/Src/main.c: In function 'main':
../Core/Src/main.c:270:14: error: invalid storage class for function 'MX_GPIO_Init'
  270 |  static void MX_GPIO_Init(void) {
      |              ^~~~~~~~~~~~
../Core/Src/main.c:327:2: error: expected declaration or statement at end of input
  327 |  }
      |  ^
../Core/Src/main.c: At top level:
../Core/Src/main.c:50:13: warning: 'MX_GPIO_Init' used but never defined
   50 | static void MX_GPIO_Init(void);
      |             ^~~~~~~~~~~~
../Core/Src/main.c: In function 'display7SEG1':
../Core/Src/main.c:102:1: warning: control reaches end of non-void function [-Wreturn-type]
  102 | }
      | ^
../Core/Src/main.c: In function 'display7SEG2':
../Core/Src/main.c:140:1: warning: control reaches end of non-void function [-Wreturn-type]
  140 | }
      | ^
At top level:
../Core/Src/main.c:320:7: warning: 'Error_Handler' defined but not used [-Wunused-function]
[...]
arm-none-eabi-gcc "../Drivers/STM32F1xx_HAL_Driver/Src/stm32f1xx_hal_flash.c" -mcpu=cortex-m3 -std=gnu11 -g3 -DDEBUG -DUSE_HAL_DRIVER -DSTM32F103x6 -c -I../Core/Inc -I../Drivers/STM32F1xx_HAL_Driver/Inc -I../Drivers/STM32F1xx_HAL_Driver/Inc/Legacy -I../Drivers/CMSIS/Device/ST/STM32F1xx/Include -I../Drivers/CMSIS/Include -O0 -ffunction-sections -fdata-sections -Wall -fstack-usage -MMD -MP -MF"Drivers/STM32F1xx_HAL_Driver/Src/stm32f1xx_hal_flash.d" -MT"Drivers/STM32F1xx_HAL_Driver/Src/stm32f1xx_hal_flash.o" --specs=nano.specs -mfloat-abi=soft -mthumb -o "Drivers/STM32F1xx_HAL_Driver/Src/stm32f1xx_hal_flash.o"
arm-none-eabi-gcc "../Drivers/STM32F1xx_HAL_Driver/Src/stm32f1xx_hal_flash_ex.c" -mcpu=cortex-m3 -std=gnu11 -g3 -DDEBUG -DUSE_HAL_DRIVER -DSTM32F103x6 -c -I../Core/Inc -I../Drivers/STM32F1xx_HAL_Driver/Inc -I../Drivers/STM32F1xx_HAL_Driver/Inc/Legacy -I../Drivers/CMSIS/Device/ST/STM32F1xx/Include -I../Drivers/CMSIS/Include -O0 -ffunction-sections -fdata-sections -Wall -fstack-usage -MMD -MP -MF"Drivers/STM32F1xx_HAL_Driver/Src/stm32f1xx_hal_flash_ex.d" -MT"Drivers/STM32F1xx_HAL_Driver/Src/stm32f1xx_hal_flash_ex.o" --specs=nano.specs -mfloat-abi=soft -mthumb -o "Drivers/STM32F1xx_HAL_Driver/Src/stm32f1xx_hal_flash_ex.o"
arm-none-eabi-gcc "../Drivers/STM32F1xx_HAL_Driver/Src/stm32f1xx_hal_gpio.c" -mcpu=cortex-m3 -std=gnu11 -g3 -DDEBUG -DUSE_HAL_DRIVER -DSTM32F103x6 -c -I../Core/Inc -I../Drivers/STM32F1xx_HAL_Driver/Inc -I../Drivers/STM32F1xx_HAL_Driver/Inc/Legacy -I../Drivers/CMSIS/Device/ST/STM32F1xx/Include -I../Drivers/CMSIS/Include -O0 -ffunction-sections -fdata-sections -Wall -fstack-usage -MMD -MP -MF"Drivers/STM32F1xx_HAL_Driver/Src/stm32f1xx_hal_gpio.d" -MT"Drivers/STM32F1xx_HAL_Driver/Src/stm32f1xx_hal_gpio.o" --specs=nano.specs -mfloat-abi=soft -mthumb -o "Drivers/STM32F1xx_HAL_Driver/Src/stm32f1xx_hal_gpio.o"
arm-none-eabi-gcc "../Drivers/STM32F1xx_HAL_Driver/Src/stm32f1xx_hal_gpio_ex.c" -mcpu=cortex-m3 -std=gnu11 -g3 -DDEBUG -DUSE_HAL_DRIVER -DSTM32F103x6 -c -I../Core/Inc -I../Drivers/STM32F1xx_HAL_Driver/Inc -I../Drivers/STM32F1xx_HAL_Driver/Inc/Legacy -I../Drivers/CMSIS/Device/ST/STM32F1xx/Include -I../Drivers/CMSIS/Include -O0 -ffunction-sections -fdata-sections -Wall -fstack-usage -MMD -MP -MF"Drivers/STM32F1xx_HAL_Driver/Src/stm32f1xx_hal_gpio_ex.d" -MT"Drivers/STM32F1xx_HAL_Driver/Src/stm32f1xx_hal_gpio_ex.o" --specs=nano.specs -mfloat-abi=soft -mthumb -o "Drivers/STM32F1xx_HAL_Driver/Src/stm32f1xx_hal_gpio_ex.o"
arm-none-eabi-gcc "../Drivers/STM32F1xx_HAL_Driver/Src/stm32f1xx_hal_pwr.c" -mcpu=cortex-m3 -std=gnu11 -g3 -DDEBUG -DUSE_HAL_DRIVER -DSTM32F103x6 -c -I../Core/Inc -I../Drivers/STM32F1xx_HAL_Driver/Inc -I../Drivers/STM32F1xx_HAL_Driver/Inc/Legacy -I../Drivers/CMSIS/Device/ST/STM32F1xx/Include -I../Drivers/CMSIS/Include -O0 -ffunction-sections -fdata-sections -Wall -fstack-usage -MMD -MP -MF"Drivers/STM32F1xx_HAL_Driver/Src/stm32f1xx_hal_pwr.d" -MT"Drivers/STM32F1xx_HAL_Driver/Src/stm32f1xx_hal_pwr.o" --specs=nano.specs -mfloat-abi=soft -mthumb -o "Drivers/STM32F1xx_HAL_Driver/Src/stm32f1xx_hal_pwr.o"
arm-none-eabi-gcc "../Drivers/STM32F1xx_HAL_Driver/Src/stm32f1xx_hal_rcc.c" -mcpu=cortex-m3 -std=gnu11 -g3 -DDEBUG -DUSE_HAL_DRIVER -DSTM32F103x6 -c -I../Core/Inc -I../Drivers/STM32F1xx_HAL_Driver/Inc -I../Drivers/STM32F1xx_HAL_Driver/Inc/Legacy -I../Drivers/CMSIS/Device/ST/STM32F1xx/Include -I../Drivers/CMSIS/Include -O0 -ffunction-sections -fdata-sections -Wall -fstack-usage -MMD -MP -MF"Drivers/STM32F1xx_HAL_Driver/Src/stm32f1xx_hal_rcc.d" -MT"Drivers/STM32F1xx_HAL_Driver/Src/stm32f1xx_hal_rcc.o" --specs=nano.specs -mfloat-abi=soft -mthumb -o "Drivers/STM32F1xx_HAL_Driver/Src/stm32f1xx_hal_rcc.o"
arm-none-eabi-gcc "../Drivers/STM32F1xx_HAL_Driver/Src/stm32f1xx_hal_rcc_ex.c" -mcpu=cortex-m3 -std=gnu11 -g3 -DDEBUG -DUSE_HAL_DRIVER -DSTM32F103x6 -c -I../Core/Inc -I../Drivers/STM32F1xx_HAL_Driver/Inc -I../Drivers/STM32F1xx_HAL_Driver/Inc/Legacy -I../Drivers/CMSIS/Device/ST/STM32F1xx/Include -I../Drivers/CMSIS/Include -O0 -ffunction-sections -fdata-sections -Wall -fstack-usage -MMD -MP -MF"Drivers/STM32F1xx_HAL_Driver/Src/stm32f1xx_hal_rcc_ex.d" -MT"Drivers/STM32F1xx_HAL_Driver/Src/stm32f1xx_hal_rcc_ex.o" --specs=nano.specs -mfloat-abi=soft -mthumb -o "Drivers/STM32F1xx_HAL_Driver/Src/stm32f1xx_hal_rcc_ex.o"
arm-none-eabi-gcc "../Drivers/STM32F1xx_HAL_Driver/Src/stm32f1xx_hal_tim.c" -mcpu=cortex-m3 -std=gnu11 -g3 -DDEBUG -DUSE_HAL_DRIVER -DSTM32F103x6 -c -I../Core/Inc -I../Drivers/STM32F1xx_HAL_Driver/Inc -I../Drivers/STM32F1xx_HAL_Driver/Inc/Legacy -I../Drivers/CMSIS/Device/ST/STM32F1xx/Include -I../Drivers/CMSIS/Include -O0 -ffunction-sections -fdata-sections -Wall -fstack-usage -MMD -MP -MF"Drivers/STM32F1xx_HAL_Driver/Src/stm32f1xx_hal_tim.d" -MT"Drivers/STM32F1xx_HAL_Driver/Src/stm32f1xx_hal_tim.o" --specs=nano.specs -mfloat-abi=soft -mthumb -o "Drivers/STM32F1xx_HAL_Driver/Src/stm32f1xx_hal_tim.o"
arm-none-eabi-gcc "../Drivers/STM32F1xx_HAL_Driver/Src/stm32f1xx_hal_tim_ex.c" -mcpu=cortex-m3 -std=gnu11 -g3 -DDEBUG -DUSE_HAL_DRIVER -DSTM32F103x6 -c -I../Core/Inc -I../Drivers/STM32F1xx_HAL_Driver/Inc -I../Drivers/STM32F1xx_HAL_Driver/Inc/Legacy -I../Drivers/CMSIS/Device/ST/STM32F1xx/Include -I../Drivers/CMSIS/Include -O0 -ffunction-sections -fdata-sections -Wall -fstack-usage -MMD -MP -MF"Drivers/STM32F1xx_HAL_Driver/Src/stm32f1xx_hal_tim_ex.d" -MT"Drivers/STM32F1xx_HAL_Driver/Src/stm32f1xx_hal_tim_ex.o" --specs=nano.specs -mfloat-abi=soft -mthumb -o "Drivers/STM32F1xx_HAL_Driver/Src/stm32f1xx_hal_tim_ex.o"
arm-none-eabi-gcc "../Core/Src/main.c" -mcpu=cortex-m3 -std=gnu11 -g3 -DDEBUG -DUSE_HAL_DRIVER -DSTM32F103x6 -c -I../Core/Inc -I../Drivers/STM32F1xx_HAL_Driver/Inc -I../Drivers/STM32F1xx_HAL_Driver/Inc/Legacy -I../Drivers/CMSIS/Device/ST/STM32F1xx/Include -I../Drivers/CMSIS/Include -O0 -ffunction-sections -fdata-sections -Wall -fstack-usage -MMD -MP -MF"Core/Src/main.d" -MT"Core/Src/main.o" --specs=nano.specs -mfloat-abi=soft -mthumb -o "Core/Src/main.o"
arm-none-eabi-gcc "../Core/Src/stm32f1xx_hal_msp.c" -mcpu=cortex-m3 -std=gnu11 -g3 -DDEBUG -DUSE_HAL_DRIVER -DSTM32F103x6 -c -I../Core/Inc -I../Drivers/STM32F1xx_HAL_Driver/Inc -I../Drivers/STM32F1xx_HAL_Driver/Inc/Legacy -I../Drivers/CMSIS/Device/ST/STM32F1xx/Include -I../Drivers/CMSIS/Include -O0 -ffunction-sections -fdata-sections -Wall -fstack-usage -MMD -MP -MF"Core/Src/stm32f1xx_hal_msp.d" -MT"Core/Src/stm32f1xx_hal_msp.o" --specs=nano.specs -mfloat-abi=soft -mthumb -o "Core/Src/stm32f1xx_hal_msp.o"
arm-none-eabi-gcc "../Core/Src/stm32f1xx_it.c" -mcpu=cortex-m3 -std=gnu11 -g3 -DDEBUG -DUSE_HAL_DRIVER -DSTM32F103x6 -c -I../Core/Inc -I../Drivers/STM32F1xx_HAL_Driver/Inc -I../Drivers/STM32F1xx_HAL_Driver/Inc/Legacy -I../Drivers/CMSIS/Device/ST/STM32F1xx/Include -I../Drivers/CMSIS/Include -O0 -ffunction-sections -fdata-sections -Wall -fstack-usage -MMD -MP -MF"Core/Src/stm32f1xx_it.d" -MT"Core/Src/stm32f1xx_it.o" --specs=nano.specs -mfloat-abi=soft -mthumb -o "Core/Src/stm32f1xx_it.o"
arm-none-eabi-gcc "../Core/Src/system_stm32f1xx.c" -mcpu=cortex-m3 -std=gnu11 -g3 -DDEBUG -DUSE_HAL_DRIVER -DSTM32F103x6 -c -I../Core/Inc -I../Drivers/STM32F1xx_HAL_Driver/Inc -I../Drivers/STM32F1xx_HAL_Driver/Inc/Legacy -I../Drivers/CMSIS/Device/ST/STM32F1xx/Include -I../Drivers/CMSIS/Include -O0 -ffunction-sections -fdata-sections -Wall -fstack-usage -MMD -MP -MF"Core/Src/system_stm32f1xx.d" -MT"Core/Src/system_stm32f1xx.o" --specs=nano.specs -mfloat-abi=soft -mthumb -o "Core/Src/system_stm32f1xx.o"
../Core/Src/main.c: In function 'main':
../Core/Src/main.c:173:6: warning: suggest parentheses around assignment used as truth value [-Wparentheses]
  173 |   if(counter1 = 0){
      |      ^~~~~~~~
../Core/Src/main.c:175:7: warning: suggest parentheses around assignment used as truth value [-Wparentheses]
  175 |    if(counter1 = 0){
      |       ^~~~~~~~
../Core/Src/main.c:176:13: error: 'status' undeclared (first use in this function); did you mean 'ITStatus'?
  176 |     switch (status){
      |             ^~~~~~
      |             ITStatus
../Core/Src/main.c:176:13: note: each undeclared identifier is reported only once for each function it appears in
../Core/Src/main.c:201:6: warning: suggest parentheses around assignment used as truth value [-Wparentheses]
  201 |   if(counter2 = 0){
      |      ^~~~~~~~
../Core/Src/main.c:203:9: warning: suggest parentheses around assignment used as truth value [-Wparentheses]
  203 |      if(counter2 = 0){
      |         ^~~~~~~~
../Core/Src/main.c: In function 'display7SEG':
../Core/Src/main.c:87:1: warning: control reaches end of non-void function [-Wreturn-type]
   87 | }
      | ^
../Core/Src/main.c: In function 'display7SEG2':
../Core/Src/main.c:125:1: warning: control reaches end of non-void function [-Wreturn-type]
  125 | }
      | ^
make: *** [Core/Src/subdir.mk:34: Core/Src/main.o] Error 1
make: *** Waiting for unfinished jobs....
"make -j12 all" terminated with exit code 2. Build might be incomplete.
14:51:08 **** Incremental Build of configuration Debug for project ex5 ****
make -j12 all 
arm-none-eabi-gcc "../Core/Src/main.c" -mcpu=cortex-m3 -std=gnu11 -g3 -DDEBUG -DUSE_HAL_DRIVER -DSTM32F103x6 -c -I../Core/Inc -I../Drivers/STM32F1xx_HAL_Driver/Inc -I../Drivers/STM32F1xx_HAL_Driver/Inc/Legacy -I../Drivers/CMSIS/Device/ST/STM32F1xx/Include -I../Drivers/CMSIS/Include -O0 -ffunction-sections -fdata-sections -Wall -fstack-usage -MMD -MP -MF"Core/Src/main.d" -MT"Core/Src/main.o" --specs=nano.specs -mfloat-abi=soft -mthumb -o "Core/Src/main.o"
../Core/Src/main.c: In function 'main':
../Core/Src/main.c:176:13: error: 'status' undeclared (first use in this function); did you mean 'ITStatus'?
  176 |     switch (status){
      |             ^~~~~~
      |             ITStatus
../Core/Src/main.c:176:13: note: each undeclared identifier is reported only once for each function it appears in
../Core/Src/main.c: In function 'display7SEG':
../Core/Src/main.c:87:1: warning: control reaches end of non-void function [-Wreturn-type]
   87 | }
      | ^
../Core/Src/main.c: In function 'display7SEG2':
../Core/Src/main.c:125:1: warning: control reaches end of non-void function [-Wreturn-type]
  125 | }
      | ^
make: *** [Core/Src/subdir.mk:34: Core/Src/main.o] Error 1
"make -j12 all" terminated with exit code 2. Build might be incomplete.
14:51:30 **** Incremental Build of configuration Debug for project ex5 ****
make -j12 all 
arm-none-eabi-gcc "../Core/Src/main.c" -mcpu=cortex-m3 -std=gnu11 -g3 -DDEBUG -DUSE_HAL_DRIVER -DSTM32F103x6 -c -I../Core/Inc -I../Drivers/STM32F1xx_HAL_Driver/Inc -I../Drivers/STM32F1xx_HAL_Driver/Inc/Legacy -I../Drivers/CMSIS/Device/ST/STM32F1xx/Include -I../Drivers/CMSIS/Include -O0 -ffunction-sections -fdata-sections -Wall -fstack-usage -MMD -MP -MF"Core/Src/main.d" -MT"Core/Src/main.o" --specs=nano.specs -mfloat-abi=soft -mthumb -o "Core/Src/main.o"
../Core/Src/main.c: In function 'main':
../Core/Src/main.c:176:13: error: 'status' undeclared (first use in this function); did you mean 'ITStatus'?
  176 |     switch (status){
      |             ^~~~~~
      |             ITStatus
../Core/Src/main.c:176:13: note: each undeclared identifier is reported only once for each function it appears in
../Core/Src/main.c:204:15: error: 'status2' undeclared (first use in this function)
  204 |       switch (status2){
      |               ^~~~~~~
../Core/Src/main.c: In function 'display7SEG':
../Core/Src/main.c:87:1: warning: control reaches end of non-void function [-Wreturn-type]
   87 | }
      | ^
../Core/Src/main.c: In function 'display7SEG2':
../Core/Src/main.c:125:1: warning: control reaches end of non-void function [-Wreturn-type]
  125 | }
      | ^
make: *** [Core/Src/subdir.mk:34: Core/Src/main.o] Error 1
"make -j12 all" terminated with exit code 2. Build might be incomplete.
14:52:08 **** Incremental Build of configuration Debug for project ex5 ****
make -j12 all 
arm-none-eabi-gcc "../Core/Src/main.c" -mcpu=cortex-m3 -std=gnu11 -g3 -DDEBUG -DUSE_HAL_DRIVER -DSTM32F103x6 -c -I../Core/Inc -I../Drivers/STM32F1xx_HAL_Driver/Inc -I../Drivers/STM32F1xx_HAL_Driver/Inc/Legacy -I../Drivers/CMSIS/Device/ST/STM32F1xx/Include -I../Drivers/CMSIS/Include -O0 -ffunction-sections -fdata-sections -Wall -fstack-usage -MMD -MP -MF"Core/Src/main.d" -MT"Core/Src/main.o" --specs=nano.specs -mfloat-abi=soft -mthumb -o "Core/Src/main.o"
../Core/Src/main.c: In function 'main':
../Core/Src/main.c:205:15: error: 'status2' undeclared (first use in this function); did you mean 'status'?
  205 |       switch (status2){
      |               ^~~~~~~
      |               status
../Core/Src/main.c:205:15: note: each undeclared identifier is reported only once for each function it appears in
../Core/Src/main.c: In function 'display7SEG':
../Core/Src/main.c:87:1: warning: control reaches end of non-void function [-Wreturn-type]
   87 | }
      | ^
../Core/Src/main.c: In function 'display7SEG2':
../Core/Src/main.c:125:1: warning: control reaches end of non-void function [-Wreturn-type]
  125 | }
      | ^
make: *** [Core/Src/subdir.mk:34: Core/Src/main.o] Error 1
"make -j12 all" terminated with exit code 2. Build might be incomplete.
14:52:23 **** Incremental Build of configuration Debug for project ex5 ****
make -j12 all 
arm-none-eabi-gcc "../Core/Src/main.c" -mcpu=cortex-m3 -std=gnu11 -g3 -DDEBUG -DUSE_HAL_DRIVER -DSTM32F103x6 -c -I../Core/Inc -I../Drivers/STM32F1xx_HAL_Driver/Inc -I../Drivers/STM32F1xx_HAL_Driver/Inc/Legacy -I../Drivers/CMSIS/Device/ST/STM32F1xx/Include -I../Drivers/CMSIS/Include -O0 -ffunction-sections -fdata-sections -Wall -fstack-usage -MMD -MP -MF"Core/Src/main.d" -MT"Core/Src/main.o" --specs=nano.specs -mfloat-abi=soft -mthumb -o "Core/Src/main.o"
../Core/Src/main.c: In function 'display7SEG':
../Core/Src/main.c:87:1: warning: control reaches end of non-void function [-Wreturn-type]
   87 | }
      | ^
../Core/Src/main.c: In function 'display7SEG2':
../Core/Src/main.c:125:1: warning: control reaches end of non-void function [-Wreturn-type]
  125 | }
      | ^
arm-none-eabi-gcc -o "ex5.elf" @"objects.list"   -mcpu=cortex-m3 -T"C:\Users\ACER\STM32CubeIDE\workspace_1.7.0\Lab1\ex5\ex5\STM32F103C6UX_FLASH.ld" --specs=nosys.specs -Wl,-Map="ex5.map" -Wl,--gc-sections -static --specs=nano.specs -mfloat-abi=soft -mthumb -Wl,--start-group -lc -lm -Wl,--end-group
Finished building target: ex5.elf
 
arm-none-eabi-size   ex5.elf 
arm-none-eabi-objdump -h -S  ex5.elf  > "ex5.list"
arm-none-eabi-objcopy  -O ihex  ex5.elf  "ex5.hex"
arm-none-eabi-objcopy  -O binary  ex5.elf  "ex5.bin"
   text	   data	    bss	    dec	    hex	filename
   5320	     20	   1572	   6912	   1b00	ex5.elf
Finished building: default.size.stdout
 
Finished building: ex5.list
Finished building: ex5.bin
Finished building: ex5.hex
 
 
 
14:56:26 **** Incremental Build of configuration Debug for project ex5 ****
make -j12 all 
arm-none-eabi-gcc "../Core/Src/main.c" -mcpu=cortex-m3 -std=gnu11 -g3 -DDEBUG -DUSE_HAL_DRIVER -DSTM32F103x6 -c -I../Core/Inc -I../Drivers/STM32F1xx_HAL_Driver/Inc -I../Drivers/STM32F1xx_HAL_Driver/Inc/Legacy -I../Drivers/CMSIS/Device/ST/STM32F1xx/Include -I../Drivers/CMSIS/Include -O0 -ffunction-sections -fdata-sections -Wall -fstack-usage -MMD -MP -MF"Core/Src/main.d" -MT"Core/Src/main.o" --specs=nano.specs -mfloat-abi=soft -mthumb -o "Core/Src/main.o"
In file included from ../Core/Inc/stm32f1xx_hal_conf.h:241,
                 from ../Drivers/STM32F1xx_HAL_Driver/Inc/stm32f1xx_hal.h:29,
                 from ../Core/Inc/main.h:31,
                 from ../Core/Src/main.c:21:
../Core/Src/main.c: In function 'main':
../Drivers/STM32F1xx_HAL_Driver/Inc/stm32f1xx_hal_gpio.h:87:36: error: called object is not a function or function pointer
   87 | #define GPIO_PIN_5                 ((uint16_t)0x0020)  /* Pin 5 selected    */
      |                                    ^
../Core/Inc/main.h:61:23: note: in expansion of macro 'GPIO_PIN_5'
   61 | #define LED_RED_1_Pin GPIO_PIN_5
      |                       ^~~~~~~~~~
../Core/Src/main.c:182:31: note: in expansion of macro 'LED_RED_1_Pin'
  182 |      HAL_GPIO_WritePin(GPIOA, LED_RED_1_Pin LED_GREEN_1_Pin, GPIO_PIN_RESET);
      |                               ^~~~~~~~~~~~~
../Drivers/STM32F1xx_HAL_Driver/Inc/stm32f1xx_hal_gpio.h:88:36: error: called object is not a function or function pointer
   88 | #define GPIO_PIN_6                 ((uint16_t)0x0040)  /* Pin 6 selected    */
      |                                    ^
../Core/Inc/main.h:63:26: note: in expansion of macro 'GPIO_PIN_6'
   63 | #define LED_YELLOW_1_Pin GPIO_PIN_6
      |                          ^~~~~~~~~~
../Core/Src/main.c:188:31: note: in expansion of macro 'LED_YELLOW_1_Pin'
  188 |      HAL_GPIO_WritePin(GPIOA, LED_YELLOW_1_Pin LED_RED_1_Pin, GPIO_PIN_RESET);
      |                               ^~~~~~~~~~~~~~~~
../Drivers/STM32F1xx_HAL_Driver/Inc/stm32f1xx_hal_gpio.h:89:36: error: called object is not a function or function pointer
   89 | #define GPIO_PIN_7                 ((uint16_t)0x0080)  /* Pin 7 selected    */
      |                                    ^
../Core/Inc/main.h:65:25: note: in expansion of macro 'GPIO_PIN_7'
   65 | #define LED_GREEN_1_Pin GPIO_PIN_7
      |                         ^~~~~~~~~~
../Core/Src/main.c:194:31: note: in expansion of macro 'LED_GREEN_1_Pin'
  194 |      HAL_GPIO_WritePin(GPIOA, LED_GREEN_1_Pin LED_YELLOW_1_Pin, GPIO_PIN_RESET);
      |                               ^~~~~~~~~~~~~~~
../Drivers/STM32F1xx_HAL_Driver/Inc/stm32f1xx_hal_gpio.h:90:36: error: called object is not a function or function pointer
   90 | #define GPIO_PIN_8                 ((uint16_t)0x0100)  /* Pin 8 selected    */
      |                                    ^
../Core/Inc/main.h:83:23: note: in expansion of macro 'GPIO_PIN_8'
   83 | #define LED_RED_2_Pin GPIO_PIN_8
      |                       ^~~~~~~~~~
../Core/Src/main.c:210:33: note: in expansion of macro 'LED_RED_2_Pin'
  210 |        HAL_GPIO_WritePin(GPIOA, LED_RED_2_Pin LED_GREEN_2_Pin, GPIO_PIN_RESET);
      |                                 ^~~~~~~~~~~~~
../Drivers/STM32F1xx_HAL_Driver/Inc/stm32f1xx_hal_gpio.h:91:36: error: called object is not a function or function pointer
   91 | #define GPIO_PIN_9                 ((uint16_t)0x0200)  /* Pin 9 selected    */
      |                                    ^
../Core/Inc/main.h:85:26: note: in expansion of macro 'GPIO_PIN_9'
   85 | #define LED_YELLOW_2_Pin GPIO_PIN_9
      |                          ^~~~~~~~~~
../Core/Src/main.c:216:33: note: in expansion of macro 'LED_YELLOW_2_Pin'
  216 |        HAL_GPIO_WritePin(GPIOA, LED_YELLOW_2_Pin LED_RED_2_Pin, GPIO_PIN_RESET);
      |                                 ^~~~~~~~~~~~~~~~
../Drivers/STM32F1xx_HAL_Driver/Inc/stm32f1xx_hal_gpio.h:92:36: error: called object is not a function or function pointer
   92 | #define GPIO_PIN_10                ((uint16_t)0x0400)  /* Pin 10 selected   */
      |                                    ^
../Core/Inc/main.h:87:25: note: in expansion of macro 'GPIO_PIN_10'
   87 | #define LED_GREEN_2_Pin GPIO_PIN_10
      |                         ^~~~~~~~~~~
../Core/Src/main.c:222:33: note: in expansion of macro 'LED_GREEN_2_Pin'
  222 |        HAL_GPIO_WritePin(GPIOA, LED_GREEN_2_Pin LED_YELLOW_2_Pin, GPIO_PIN_RESET);
      |                                 ^~~~~~~~~~~~~~~
../Core/Src/main.c: In function 'display7SEG':
../Core/Src/main.c:87:1: warning: control reaches end of non-void function [-Wreturn-type]
   87 | }
      | ^
../Core/Src/main.c: In function 'display7SEG2':
../Core/Src/main.c:125:1: warning: control reaches end of non-void function [-Wreturn-type]
  125 | }
      | ^
make: *** [Core/Src/subdir.mk:34: Core/Src/main.o] Error 1
"make -j12 all" terminated with exit code 2. Build might be incomplete.
